ARM Linker, 4.1 [Build 894] [Standard]

==============================================================================

Section Cross References

    startup_stm32f10x_hd.o(STACK) refers (Special) to heapauxi.o(.text) for __use_two_region_memory
    startup_stm32f10x_hd.o(HEAP) refers (Special) to heapauxi.o(.text) for __use_two_region_memory
    startup_stm32f10x_hd.o(RESET) refers (Special) to heapauxi.o(.text) for __use_two_region_memory
    startup_stm32f10x_hd.o(RESET) refers to startup_stm32f10x_hd.o(STACK) for __initial_sp
    startup_stm32f10x_hd.o(RESET) refers to startup_stm32f10x_hd.o(.text) for Reset_Handler
    startup_stm32f10x_hd.o(.text) refers (Special) to heapauxi.o(.text) for __use_two_region_memory
    startup_stm32f10x_hd.o(.text) refers to __main.o(!!!main) for __main
    startup_stm32f10x_hd.o(.text) refers to startup_stm32f10x_hd.o(HEAP) for Heap_Mem
    startup_stm32f10x_hd.o(.text) refers to startup_stm32f10x_hd.o(STACK) for Stack_Mem
    system_stm32f10x.o(.text) refers to system_stm32f10x.o(.data) for .data
    stm32f10x_adc.o(.text) refers to stm32f10x_rcc.o(.text) for RCC_APB2PeriphResetCmd
    stm32f10x_bkp.o(.text) refers to stm32f10x_rcc.o(.text) for RCC_BackupResetCmd
    stm32f10x_can.o(.text) refers to stm32f10x_rcc.o(.text) for RCC_APB1PeriphResetCmd
    stm32f10x_can.o(.text) refers to stm32f10x_can.o(.text) for CAN_FIFORelease
    stm32f10x_can.o(.text) refers to stm32f10x_can.o(.text) for CheckITStatus
    stm32f10x_cec.o(.text) refers to stm32f10x_rcc.o(.text) for RCC_APB1PeriphResetCmd
    stm32f10x_dac.o(.text) refers to stm32f10x_rcc.o(.text) for RCC_APB1PeriphResetCmd
    stm32f10x_flash.o(.text) refers to stm32f10x_flash.o(.text) for FLASH_GetBank1Status
    stm32f10x_flash.o(.text) refers to stm32f10x_flash.o(.text) for FLASH_WaitForLastOperation
    stm32f10x_flash.o(.text) refers to stm32f10x_flash.o(.text) for FLASH_WaitForLastOperation
    stm32f10x_flash.o(.text) refers to stm32f10x_flash.o(.text) for FLASH_GetBank1Status
    stm32f10x_flash.o(.text) refers to stm32f10x_flash.o(.text) for FLASH_WaitForLastBank1Operation
    stm32f10x_flash.o(.text) refers to stm32f10x_flash.o(.text) for FLASH_GetReadOutProtectionStatus
    stm32f10x_flash.o(.text) refers to stm32f10x_flash.o(.text) for FLASH_WaitForLastOperation
    stm32f10x_flash.o(.text) refers to stm32f10x_flash.o(.text) for FLASH_WaitForLastOperation
    stm32f10x_flash.o(.text) refers to stm32f10x_flash.o(.text) for FLASH_WaitForLastOperation
    stm32f10x_flash.o(.text) refers to stm32f10x_flash.o(.text) for FLASH_WaitForLastOperation
    stm32f10x_flash.o(.text) refers to stm32f10x_flash.o(.text) for FLASH_WaitForLastOperation
    stm32f10x_flash.o(.text) refers to stm32f10x_flash.o(.text) for FLASH_WaitForLastOperation
    stm32f10x_flash.o(.text) refers to stm32f10x_flash.o(.text) for FLASH_WaitForLastOperation
    stm32f10x_gpio.o(.text) refers to stm32f10x_rcc.o(.text) for RCC_APB2PeriphResetCmd
    stm32f10x_gpio.o(.text) refers to stm32f10x_rcc.o(.text) for RCC_APB2PeriphResetCmd
    stm32f10x_i2c.o(.text) refers to stm32f10x_rcc.o(.text) for RCC_APB1PeriphResetCmd
    stm32f10x_i2c.o(.text) refers to stm32f10x_rcc.o(.text) for RCC_GetClocksFreq
    stm32f10x_pwr.o(.text) refers to stm32f10x_rcc.o(.text) for RCC_APB1PeriphResetCmd
    stm32f10x_rcc.o(.text) refers to stm32f10x_rcc.o(.text) for RCC_GetFlagStatus
    stm32f10x_rcc.o(.text) refers to stm32f10x_rcc.o(.data) for .data
    stm32f10x_rtc.o(.text) refers to stm32f10x_rtc.o(.text) for RTC_EnterConfigMode
    stm32f10x_rtc.o(.text) refers to stm32f10x_rtc.o(.text) for RTC_ExitConfigMode
    stm32f10x_rtc.o(.text) refers to stm32f10x_rtc.o(.text) for RTC_EnterConfigMode
    stm32f10x_rtc.o(.text) refers to stm32f10x_rtc.o(.text) for RTC_ExitConfigMode
    stm32f10x_rtc.o(.text) refers to stm32f10x_rtc.o(.text) for RTC_EnterConfigMode
    stm32f10x_rtc.o(.text) refers to stm32f10x_rtc.o(.text) for RTC_ExitConfigMode
    stm32f10x_spi.o(.text) refers to stm32f10x_rcc.o(.text) for RCC_APB2PeriphResetCmd
    stm32f10x_spi.o(.text) refers to stm32f10x_rcc.o(.text) for RCC_APB1PeriphResetCmd
    stm32f10x_spi.o(.text) refers to stm32f10x_rcc.o(.text) for RCC_GetClocksFreq
    stm32f10x_tim.o(.text) refers to stm32f10x_rcc.o(.text) for RCC_APB1PeriphResetCmd
    stm32f10x_tim.o(.text) refers to stm32f10x_rcc.o(.text) for RCC_APB2PeriphResetCmd
    stm32f10x_tim.o(.text) refers to stm32f10x_tim.o(.text) for TIM_SetIC4Prescaler
    stm32f10x_tim.o(.text) refers to stm32f10x_tim.o(.text) for TI1_Config
    stm32f10x_tim.o(.text) refers to stm32f10x_tim.o(.text) for TIM_SetIC1Prescaler
    stm32f10x_tim.o(.text) refers to stm32f10x_tim.o(.text) for TI2_Config
    stm32f10x_tim.o(.text) refers to stm32f10x_tim.o(.text) for TIM_SetIC2Prescaler
    stm32f10x_tim.o(.text) refers to stm32f10x_tim.o(.text) for TIM_SetIC3Prescaler
    stm32f10x_tim.o(.text) refers to stm32f10x_tim.o(.text) for TI2_Config
    stm32f10x_tim.o(.text) refers to stm32f10x_tim.o(.text) for TIM_SetIC2Prescaler
    stm32f10x_tim.o(.text) refers to stm32f10x_tim.o(.text) for TI1_Config
    stm32f10x_tim.o(.text) refers to stm32f10x_tim.o(.text) for TIM_SetIC1Prescaler
    stm32f10x_tim.o(.text) refers to stm32f10x_tim.o(.text) for TIM_SelectInputTrigger
    stm32f10x_tim.o(.text) refers to stm32f10x_tim.o(.text) for TI1_Config
    stm32f10x_tim.o(.text) refers to stm32f10x_tim.o(.text) for TIM_SelectInputTrigger
    stm32f10x_tim.o(.text) refers to stm32f10x_tim.o(.text) for TI2_Config
    stm32f10x_tim.o(.text) refers to stm32f10x_tim.o(.text) for TIM_ETRConfig
    stm32f10x_tim.o(.text) refers to stm32f10x_tim.o(.text) for TIM_ETRConfig
    stm32f10x_usart.o(.text) refers to stm32f10x_rcc.o(.text) for RCC_APB2PeriphResetCmd
    stm32f10x_usart.o(.text) refers to stm32f10x_rcc.o(.text) for RCC_APB1PeriphResetCmd
    stm32f10x_usart.o(.text) refers to stm32f10x_rcc.o(.text) for RCC_GetClocksFreq
    stm32f10x_wwdg.o(.text) refers to stm32f10x_rcc.o(.text) for RCC_APB1PeriphResetCmd
    __main.o(!!!main) refers to rtentry.o(.ARM.Collect$$rtentry$$00000000) for __rt_entry
    rtentry.o(.ARM.Collect$$rtentry$$00000000) refers (Special) to rtentry2.o(.ARM.Collect$$rtentry$$0000000A) for __rt_entry_li
    rtentry.o(.ARM.Collect$$rtentry$$00000000) refers (Special) to rtentry2.o(.ARM.Collect$$rtentry$$0000000D) for __rt_entry_main
    rtentry.o(.ARM.Collect$$rtentry$$00000000) refers (Special) to rtentry2.o(.ARM.Collect$$rtentry$$0000000C) for __rt_entry_postli_1
    rtentry.o(.ARM.Collect$$rtentry$$00000000) refers (Special) to rtentry2.o(.ARM.Collect$$rtentry$$00000009) for __rt_entry_postsh_1
    rtentry.o(.ARM.Collect$$rtentry$$00000000) refers (Special) to rtentry2.o(.ARM.Collect$$rtentry$$00000002) for __rt_entry_presh_1
    rtentry.o(.ARM.Collect$$rtentry$$00000000) refers (Special) to rtentry4.o(.ARM.Collect$$rtentry$$00000004) for __rt_entry_sh
    rtentry2.o(.ARM.Collect$$rtentry$$00000008) refers to boardinit2.o(.text) for _platform_post_stackheap_init
    rtentry2.o(.ARM.Collect$$rtentry$$0000000A) refers to libinit.o(.ARM.Collect$$libinit$$00000000) for __rt_lib_init
    rtentry2.o(.ARM.Collect$$rtentry$$0000000B) refers to boardinit3.o(.text) for _platform_post_lib_init
    rtentry2.o(.ARM.Collect$$rtentry$$0000000D) refers to main.o(.text) for main
    rtentry2.o(.ARM.Collect$$rtentry$$0000000D) refers to exit.o(.text) for exit
    rtentry2.o(.ARM.exidx) refers to rtentry2.o(.ARM.Collect$$rtentry$$00000001) for .ARM.Collect$$rtentry$$00000001
    rtentry2.o(.ARM.exidx) refers to rtentry2.o(.ARM.Collect$$rtentry$$00000008) for .ARM.Collect$$rtentry$$00000008
    rtentry2.o(.ARM.exidx) refers to rtentry2.o(.ARM.Collect$$rtentry$$0000000A) for .ARM.Collect$$rtentry$$0000000A
    rtentry2.o(.ARM.exidx) refers to rtentry2.o(.ARM.Collect$$rtentry$$0000000B) for .ARM.Collect$$rtentry$$0000000B
    rtentry2.o(.ARM.exidx) refers to rtentry2.o(.ARM.Collect$$rtentry$$0000000D) for .ARM.Collect$$rtentry$$0000000D
    rtentry4.o(.ARM.Collect$$rtentry$$00000004) refers to sys_stackheap_outer.o(.text) for __user_setup_stackheap
    rtentry4.o(.ARM.exidx) refers to rtentry4.o(.ARM.Collect$$rtentry$$00000004) for .ARM.Collect$$rtentry$$00000004
    sys_stackheap_outer.o(.text) refers to libspace.o(.text) for __user_perproc_libspace
    sys_stackheap_outer.o(.text) refers to startup_stm32f10x_hd.o(.text) for __user_initial_stackheap
    exit.o(.text) refers to rtexit.o(.ARM.Collect$$rtexit$$00000000) for __rt_exit
    libinit.o(.ARM.Collect$$libinit$$00000000) refers (Special) to libinit2.o(.ARM.Collect$$libinit$$0000002A) for __rt_lib_init_alloca_1
    libinit.o(.ARM.Collect$$libinit$$00000000) refers (Special) to libinit2.o(.ARM.Collect$$libinit$$00000028) for __rt_lib_init_argv_1
    libinit.o(.ARM.Collect$$libinit$$00000000) refers (Special) to libinit2.o(.ARM.Collect$$libinit$$00000017) for __rt_lib_init_atexit_1
    libinit.o(.ARM.Collect$$libinit$$00000000) refers (Special) to libinit2.o(.ARM.Collect$$libinit$$0000001D) for __rt_lib_init_clock_1
    libinit.o(.ARM.Collect$$libinit$$00000000) refers (Special) to libinit2.o(.ARM.Collect$$libinit$$0000002E) for __rt_lib_init_cpp_1
    libinit.o(.ARM.Collect$$libinit$$00000000) refers (Special) to libinit2.o(.ARM.Collect$$libinit$$0000002C) for __rt_lib_init_exceptions_1
    libinit.o(.ARM.Collect$$libinit$$00000000) refers (Special) to libinit2.o(.ARM.Collect$$libinit$$0000001B) for __rt_lib_init_fp_trap_1
    libinit.o(.ARM.Collect$$libinit$$00000000) refers (Special) to libinit2.o(.ARM.Collect$$libinit$$0000001F) for __rt_lib_init_getenv_1
    libinit.o(.ARM.Collect$$libinit$$00000000) refers (Special) to libinit2.o(.ARM.Collect$$libinit$$00000006) for __rt_lib_init_heap_1
    libinit.o(.ARM.Collect$$libinit$$00000000) refers (Special) to libinit2.o(.ARM.Collect$$libinit$$0000000D) for __rt_lib_init_lc_collate_1
    libinit.o(.ARM.Collect$$libinit$$00000000) refers (Special) to libinit2.o(.ARM.Collect$$libinit$$0000000F) for __rt_lib_init_lc_ctype_1
    libinit.o(.ARM.Collect$$libinit$$00000000) refers (Special) to libinit2.o(.ARM.Collect$$libinit$$00000011) for __rt_lib_init_lc_monetary_1
    libinit.o(.ARM.Collect$$libinit$$00000000) refers (Special) to libinit2.o(.ARM.Collect$$libinit$$00000013) for __rt_lib_init_lc_numeric_1
    libinit.o(.ARM.Collect$$libinit$$00000000) refers (Special) to libinit2.o(.ARM.Collect$$libinit$$00000015) for __rt_lib_init_lc_time_1
    libinit.o(.ARM.Collect$$libinit$$00000000) refers (Special) to libinit2.o(.ARM.Collect$$libinit$$0000000A) for __rt_lib_init_rand_1
    libinit.o(.ARM.Collect$$libinit$$00000000) refers (Special) to libinit2.o(.ARM.Collect$$libinit$$0000002F) for __rt_lib_init_return
    libinit.o(.ARM.Collect$$libinit$$00000000) refers (Special) to libinit2.o(.ARM.Collect$$libinit$$00000019) for __rt_lib_init_signal_1
    libinit.o(.ARM.Collect$$libinit$$00000000) refers (Special) to libinit2.o(.ARM.Collect$$libinit$$00000021) for __rt_lib_init_stdio_1
    libinit.o(.ARM.Collect$$libinit$$00000000) refers (Special) to libinit2.o(.ARM.Collect$$libinit$$00000008) for __rt_lib_init_user_alloc_1
    libinit.o(.ARM.Collect$$libinit$$00000000) refers to fpinit.o(x$fpl$fpinit) for _fp_init
    libspace.o(.text) refers to libspace.o(.bss) for __libspace_start
    rtexit.o(.ARM.Collect$$rtexit$$00000000) refers (Special) to rtexit2.o(.ARM.Collect$$rtexit$$00000004) for __rt_exit_exit
    rtexit.o(.ARM.Collect$$rtexit$$00000000) refers (Special) to rtexit2.o(.ARM.Collect$$rtexit$$00000003) for __rt_exit_ls
    rtexit.o(.ARM.Collect$$rtexit$$00000000) refers (Special) to rtexit2.o(.ARM.Collect$$rtexit$$00000002) for __rt_exit_prels_1
    rtexit.o(.ARM.exidx) refers (Special) to rtexit2.o(.ARM.Collect$$rtexit$$00000004) for __rt_exit_exit
    rtexit.o(.ARM.exidx) refers (Special) to rtexit2.o(.ARM.Collect$$rtexit$$00000003) for __rt_exit_ls
    rtexit.o(.ARM.exidx) refers (Special) to rtexit2.o(.ARM.Collect$$rtexit$$00000002) for __rt_exit_prels_1
    rtexit.o(.ARM.exidx) refers to rtexit.o(.ARM.Collect$$rtexit$$00000000) for .ARM.Collect$$rtexit$$00000000
    libinit2.o(.ARM.Collect$$libinit$$0000000C) refers to libinit2.o(.ARM.Collect$$libinit$$0000000B) for .ARM.Collect$$libinit$$0000000B
    libinit2.o(.ARM.Collect$$libinit$$0000000E) refers to libinit2.o(.ARM.Collect$$libinit$$0000000B) for .ARM.Collect$$libinit$$0000000B
    libinit2.o(.ARM.Collect$$libinit$$00000010) refers to libinit2.o(.ARM.Collect$$libinit$$0000000B) for .ARM.Collect$$libinit$$0000000B
    libinit2.o(.ARM.Collect$$libinit$$00000012) refers to libinit2.o(.ARM.Collect$$libinit$$0000000B) for .ARM.Collect$$libinit$$0000000B
    libinit2.o(.ARM.Collect$$libinit$$00000014) refers to libinit2.o(.ARM.Collect$$libinit$$0000000B) for .ARM.Collect$$libinit$$0000000B
    libinit2.o(.ARM.Collect$$libinit$$00000022) refers to argv_veneer.o(.emb_text) for __ARM_argv_veneer
    libinit2.o(.ARM.Collect$$libinit$$00000023) refers to argv_veneer.o(.emb_text) for __ARM_argv_veneer
    fpinit.o(x$fpl$fpinit) refers to rt_fp_status_addr_intlibspace.o(.text) for __rt_fp_status_addr
    rtexit2.o(.ARM.Collect$$rtexit$$00000003) refers to libshutdown.o(.ARM.Collect$$libshutdown$$00000000) for __rt_lib_shutdown
    rtexit2.o(.ARM.Collect$$rtexit$$00000004) refers to sys_exit.o(.text) for _sys_exit
    rtexit2.o(.ARM.exidx) refers to rtexit2.o(.ARM.Collect$$rtexit$$00000001) for .ARM.Collect$$rtexit$$00000001
    rtexit2.o(.ARM.exidx) refers to rtexit2.o(.ARM.Collect$$rtexit$$00000003) for .ARM.Collect$$rtexit$$00000003
    rtexit2.o(.ARM.exidx) refers to rtexit2.o(.ARM.Collect$$rtexit$$00000004) for .ARM.Collect$$rtexit$$00000004
    rt_fp_status_addr.o(.text) refers to rt_fp_status_addr.o(.bss) for __rt_fp_status_addr_data
    rt_fp_status_addr_intlibspace.o(.text) refers to libspace.o(.bss) for __libspace_start
    argv_veneer.o(.emb_text) refers to no_argv.o(.text) for __ARM_get_argv
    sys_exit.o(.text) refers (Special) to use_no_semi.o(.text) for __I$use$semihosting
    sys_exit.o(.text) refers (Special) to indicate_semi.o(.text) for __semihosting_library_function
    _get_argv_nomalloc.o(.text) refers (Special) to hrguard.o(.text) for __heap_region$guard
    _get_argv_nomalloc.o(.text) refers to defsig_rtmem_outer.o(.text) for __rt_SIGRTMEM
    _get_argv_nomalloc.o(.text) refers to sys_command.o(.text) for _sys_command_string
    libshutdown.o(.ARM.Collect$$libshutdown$$00000000) refers (Special) to libshutdown2.o(.ARM.Collect$$libshutdown$$00000006) for __rt_lib_shutdown_fp_trap_1
    libshutdown.o(.ARM.Collect$$libshutdown$$00000000) refers (Special) to libshutdown2.o(.ARM.Collect$$libshutdown$$0000000E) for __rt_lib_shutdown_heap_1
    libshutdown.o(.ARM.Collect$$libshutdown$$00000000) refers (Special) to libshutdown2.o(.ARM.Collect$$libshutdown$$0000000F) for __rt_lib_shutdown_return
    libshutdown.o(.ARM.Collect$$libshutdown$$00000000) refers (Special) to libshutdown2.o(.ARM.Collect$$libshutdown$$00000009) for __rt_lib_shutdown_signal_1
    libshutdown.o(.ARM.Collect$$libshutdown$$00000000) refers (Special) to libshutdown2.o(.ARM.Collect$$libshutdown$$00000003) for __rt_lib_shutdown_stdio_1
    libshutdown.o(.ARM.Collect$$libshutdown$$00000000) refers (Special) to libshutdown2.o(.ARM.Collect$$libshutdown$$0000000B) for __rt_lib_shutdown_user_alloc_1
    sys_command.o(.text) refers (Special) to use_no_semi.o(.text) for __I$use$semihosting
    sys_command.o(.text) refers (Special) to indicate_semi.o(.text) for __semihosting_library_function
    defsig_rtmem_outer.o(.text) refers to defsig_rtmem_inner.o(.text) for __rt_SIGRTMEM_inner
    defsig_rtmem_outer.o(.text) refers to defsig_exit.o(.text) for __sig_exit
    defsig_rtmem_formal.o(.text) refers to rt_raise.o(.text) for __rt_raise
    rt_raise.o(.text) refers to __raise.o(.text) for __raise
    rt_raise.o(.text) refers to sys_exit.o(.text) for _sys_exit
    defsig_exit.o(.text) refers to sys_exit.o(.text) for _sys_exit
    defsig_rtmem_inner.o(.text) refers to defsig_general.o(.text) for __default_signal_display
    __raise.o(.text) refers to defsig.o(CL$$defsig) for __default_signal_handler
    defsig_general.o(.text) refers to sys_wrch.o(.text) for _ttywrch
    sys_wrch.o(.text) refers (Special) to use_no_semi.o(.text) for __I$use$semihosting
    sys_wrch.o(.text) refers (Special) to indicate_semi.o(.text) for __semihosting_library_function
    defsig.o(CL$$defsig) refers to defsig_rtmem_inner.o(.text) for __rt_SIGRTMEM_inner
    defsig_abrt_inner.o(.text) refers to defsig_general.o(.text) for __default_signal_display
    defsig_fpe_inner.o(.text) refers to defsig_general.o(.text) for __default_signal_display
    defsig_rtred_inner.o(.text) refers to defsig_general.o(.text) for __default_signal_display
    defsig_stak_inner.o(.text) refers to defsig_general.o(.text) for __default_signal_display
    defsig_pvfn_inner.o(.text) refers to defsig_general.o(.text) for __default_signal_display
    defsig_cppl_inner.o(.text) refers to defsig_general.o(.text) for __default_signal_display
    defsig_segv_inner.o(.text) refers to defsig_general.o(.text) for __default_signal_display
    defsig_other.o(.text) refers to defsig_general.o(.text) for __default_signal_display


==============================================================================

Removing Unused input sections from the image.

    Removing main.o(.rev16_text), (4 bytes).
    Removing main.o(.revsh_text), (4 bytes).
    Removing system_stm32f10x.o(.rev16_text), (4 bytes).
    Removing system_stm32f10x.o(.revsh_text), (4 bytes).
    Removing system_stm32f10x.o(.text), (304 bytes).
    Removing system_stm32f10x.o(.data), (20 bytes).
    Removing misc.o(.rev16_text), (4 bytes).
    Removing misc.o(.revsh_text), (4 bytes).
    Removing misc.o(.text), (20 bytes).
    Removing misc.o(.text), (100 bytes).
    Removing misc.o(.text), (20 bytes).
    Removing misc.o(.text), (24 bytes).
    Removing misc.o(.text), (24 bytes).
    Removing stm32f10x_adc.o(.rev16_text), (4 bytes).
    Removing stm32f10x_adc.o(.revsh_text), (4 bytes).
    Removing stm32f10x_adc.o(.text), (68 bytes).
    Removing stm32f10x_adc.o(.text), (72 bytes).
    Removing stm32f10x_adc.o(.text), (18 bytes).
    Removing stm32f10x_adc.o(.text), (20 bytes).
    Removing stm32f10x_adc.o(.text), (20 bytes).
    Removing stm32f10x_adc.o(.text), (18 bytes).
    Removing stm32f10x_adc.o(.text), (10 bytes).
    Removing stm32f10x_adc.o(.text), (14 bytes).
    Removing stm32f10x_adc.o(.text), (10 bytes).
    Removing stm32f10x_adc.o(.text), (14 bytes).
    Removing stm32f10x_adc.o(.text), (20 bytes).
    Removing stm32f10x_adc.o(.text), (14 bytes).
    Removing stm32f10x_adc.o(.text), (16 bytes).
    Removing stm32f10x_adc.o(.text), (20 bytes).
    Removing stm32f10x_adc.o(.text), (116 bytes).
    Removing stm32f10x_adc.o(.text), (20 bytes).
    Removing stm32f10x_adc.o(.text), (6 bytes).
    Removing stm32f10x_adc.o(.text), (12 bytes).
    Removing stm32f10x_adc.o(.text), (20 bytes).
    Removing stm32f10x_adc.o(.text), (20 bytes).
    Removing stm32f10x_adc.o(.text), (12 bytes).
    Removing stm32f10x_adc.o(.text), (20 bytes).
    Removing stm32f10x_adc.o(.text), (20 bytes).
    Removing stm32f10x_adc.o(.text), (14 bytes).
    Removing stm32f10x_adc.o(.text), (74 bytes).
    Removing stm32f10x_adc.o(.text), (16 bytes).
    Removing stm32f10x_adc.o(.text), (4 bytes).
    Removing stm32f10x_adc.o(.text), (8 bytes).
    Removing stm32f10x_adc.o(.text), (16 bytes).
    Removing stm32f10x_adc.o(.text), (6 bytes).
    Removing stm32f10x_adc.o(.text), (12 bytes).
    Removing stm32f10x_adc.o(.text), (28 bytes).
    Removing stm32f10x_adc.o(.text), (14 bytes).
    Removing stm32f10x_adc.o(.text), (6 bytes).
    Removing stm32f10x_adc.o(.text), (28 bytes).
    Removing stm32f10x_adc.o(.text), (8 bytes).
    Removing stm32f10x_bkp.o(.rev16_text), (4 bytes).
    Removing stm32f10x_bkp.o(.revsh_text), (4 bytes).
    Removing stm32f10x_bkp.o(.text), (18 bytes).
    Removing stm32f10x_bkp.o(.text), (12 bytes).
    Removing stm32f10x_bkp.o(.text), (12 bytes).
    Removing stm32f10x_bkp.o(.text), (12 bytes).
    Removing stm32f10x_bkp.o(.text), (20 bytes).
    Removing stm32f10x_bkp.o(.text), (20 bytes).
    Removing stm32f10x_bkp.o(.text), (12 bytes).
    Removing stm32f10x_bkp.o(.text), (12 bytes).
    Removing stm32f10x_bkp.o(.text), (12 bytes).
    Removing stm32f10x_bkp.o(.text), (16 bytes).
    Removing stm32f10x_bkp.o(.text), (12 bytes).
    Removing stm32f10x_bkp.o(.text), (16 bytes).
    Removing stm32f10x_can.o(.rev16_text), (4 bytes).
    Removing stm32f10x_can.o(.revsh_text), (4 bytes).
    Removing stm32f10x_can.o(.text), (44 bytes).
    Removing stm32f10x_can.o(.text), (232 bytes).
    Removing stm32f10x_can.o(.text), (192 bytes).
    Removing stm32f10x_can.o(.text), (32 bytes).
    Removing stm32f10x_can.o(.text), (44 bytes).
    Removing stm32f10x_can.o(.text), (16 bytes).
    Removing stm32f10x_can.o(.text), (154 bytes).
    Removing stm32f10x_can.o(.text), (118 bytes).
    Removing stm32f10x_can.o(.text), (36 bytes).
    Removing stm32f10x_can.o(.text), (12 bytes).
    Removing stm32f10x_can.o(.text), (22 bytes).
    Removing stm32f10x_can.o(.text), (122 bytes).
    Removing stm32f10x_can.o(.text), (20 bytes).
    Removing stm32f10x_can.o(.text), (30 bytes).
    Removing stm32f10x_can.o(.text), (42 bytes).
    Removing stm32f10x_can.o(.text), (14 bytes).
    Removing stm32f10x_can.o(.text), (8 bytes).
    Removing stm32f10x_can.o(.text), (142 bytes).
    Removing stm32f10x_can.o(.text), (136 bytes).
    Removing stm32f10x_can.o(.text), (12 bytes).
    Removing stm32f10x_cec.o(.rev16_text), (4 bytes).
    Removing stm32f10x_cec.o(.revsh_text), (4 bytes).
    Removing stm32f10x_cec.o(.text), (24 bytes).
    Removing stm32f10x_cec.o(.text), (24 bytes).
    Removing stm32f10x_cec.o(.text), (28 bytes).
    Removing stm32f10x_cec.o(.text), (12 bytes).
    Removing stm32f10x_cec.o(.text), (12 bytes).
    Removing stm32f10x_cec.o(.text), (12 bytes).
    Removing stm32f10x_cec.o(.text), (12 bytes).
    Removing stm32f10x_cec.o(.text), (12 bytes).
    Removing stm32f10x_cec.o(.text), (12 bytes).
    Removing stm32f10x_cec.o(.text), (12 bytes).
    Removing stm32f10x_cec.o(.text), (36 bytes).
    Removing stm32f10x_cec.o(.text), (32 bytes).
    Removing stm32f10x_cec.o(.text), (36 bytes).
    Removing stm32f10x_cec.o(.text), (32 bytes).
    Removing stm32f10x_crc.o(.rev16_text), (4 bytes).
    Removing stm32f10x_crc.o(.revsh_text), (4 bytes).
    Removing stm32f10x_crc.o(.text), (12 bytes).
    Removing stm32f10x_crc.o(.text), (12 bytes).
    Removing stm32f10x_crc.o(.text), (28 bytes).
    Removing stm32f10x_crc.o(.text), (12 bytes).
    Removing stm32f10x_crc.o(.text), (12 bytes).
    Removing stm32f10x_crc.o(.text), (12 bytes).
    Removing stm32f10x_dac.o(.rev16_text), (4 bytes).
    Removing stm32f10x_dac.o(.revsh_text), (4 bytes).
    Removing stm32f10x_dac.o(.text), (24 bytes).
    Removing stm32f10x_dac.o(.text), (40 bytes).
    Removing stm32f10x_dac.o(.text), (12 bytes).
    Removing stm32f10x_dac.o(.text), (24 bytes).
    Removing stm32f10x_dac.o(.text), (24 bytes).
    Removing stm32f10x_dac.o(.text), (28 bytes).
    Removing stm32f10x_dac.o(.text), (28 bytes).
    Removing stm32f10x_dac.o(.text), (24 bytes).
    Removing stm32f10x_dac.o(.text), (12 bytes).
    Removing stm32f10x_dac.o(.text), (12 bytes).
    Removing stm32f10x_dac.o(.text), (28 bytes).
    Removing stm32f10x_dac.o(.text), (16 bytes).
    Removing stm32f10x_dbgmcu.o(.rev16_text), (4 bytes).
    Removing stm32f10x_dbgmcu.o(.revsh_text), (4 bytes).
    Removing stm32f10x_dbgmcu.o(.text), (12 bytes).
    Removing stm32f10x_dbgmcu.o(.text), (16 bytes).
    Removing stm32f10x_dbgmcu.o(.text), (24 bytes).
    Removing stm32f10x_dma.o(.rev16_text), (4 bytes).
    Removing stm32f10x_dma.o(.revsh_text), (4 bytes).
    Removing stm32f10x_dma.o(.text), (224 bytes).
    Removing stm32f10x_dma.o(.text), (58 bytes).
    Removing stm32f10x_dma.o(.text), (26 bytes).
    Removing stm32f10x_dma.o(.text), (20 bytes).
    Removing stm32f10x_dma.o(.text), (16 bytes).
    Removing stm32f10x_dma.o(.text), (6 bytes).
    Removing stm32f10x_dma.o(.text), (32 bytes).
    Removing stm32f10x_dma.o(.text), (24 bytes).
    Removing stm32f10x_dma.o(.text), (32 bytes).
    Removing stm32f10x_dma.o(.text), (24 bytes).
    Removing stm32f10x_exti.o(.rev16_text), (4 bytes).
    Removing stm32f10x_exti.o(.revsh_text), (4 bytes).
    Removing stm32f10x_exti.o(.text), (36 bytes).
    Removing stm32f10x_exti.o(.text), (112 bytes).
    Removing stm32f10x_exti.o(.text), (14 bytes).
    Removing stm32f10x_exti.o(.text), (16 bytes).
    Removing stm32f10x_exti.o(.text), (20 bytes).
    Removing stm32f10x_exti.o(.text), (12 bytes).
    Removing stm32f10x_exti.o(.text), (32 bytes).
    Removing stm32f10x_exti.o(.text), (12 bytes).
    Removing stm32f10x_flash.o(.rev16_text), (4 bytes).
    Removing stm32f10x_flash.o(.revsh_text), (4 bytes).
    Removing stm32f10x_flash.o(.text), (20 bytes).
    Removing stm32f10x_flash.o(.text), (24 bytes).
    Removing stm32f10x_flash.o(.text), (24 bytes).
    Removing stm32f10x_flash.o(.text), (24 bytes).
    Removing stm32f10x_flash.o(.text), (24 bytes).
    Removing stm32f10x_flash.o(.text), (16 bytes).
    Removing stm32f10x_flash.o(.text), (16 bytes).
    Removing stm32f10x_flash.o(.text), (40 bytes).
    Removing stm32f10x_flash.o(.text), (34 bytes).
    Removing stm32f10x_flash.o(.text), (64 bytes).
    Removing stm32f10x_flash.o(.text), (60 bytes).
    Removing stm32f10x_flash.o(.text), (34 bytes).
    Removing stm32f10x_flash.o(.text), (60 bytes).
    Removing stm32f10x_flash.o(.text), (20 bytes).
    Removing stm32f10x_flash.o(.text), (124 bytes).
    Removing stm32f10x_flash.o(.text), (76 bytes).
    Removing stm32f10x_flash.o(.text), (56 bytes).
    Removing stm32f10x_flash.o(.text), (76 bytes).
    Removing stm32f10x_flash.o(.text), (172 bytes).
    Removing stm32f10x_flash.o(.text), (136 bytes).
    Removing stm32f10x_flash.o(.text), (96 bytes).
    Removing stm32f10x_flash.o(.text), (12 bytes).
    Removing stm32f10x_flash.o(.text), (12 bytes).
    Removing stm32f10x_flash.o(.text), (20 bytes).
    Removing stm32f10x_flash.o(.text), (24 bytes).
    Removing stm32f10x_flash.o(.text), (32 bytes).
    Removing stm32f10x_flash.o(.text), (12 bytes).
    Removing stm32f10x_flash.o(.text), (40 bytes).
    Removing stm32f10x_fsmc.o(.rev16_text), (4 bytes).
    Removing stm32f10x_fsmc.o(.revsh_text), (4 bytes).
    Removing stm32f10x_fsmc.o(.text), (36 bytes).
    Removing stm32f10x_fsmc.o(.text), (40 bytes).
    Removing stm32f10x_fsmc.o(.text), (28 bytes).
    Removing stm32f10x_fsmc.o(.text), (188 bytes).
    Removing stm32f10x_fsmc.o(.text), (104 bytes).
    Removing stm32f10x_fsmc.o(.text), (116 bytes).
    Removing stm32f10x_fsmc.o(.text), (96 bytes).
    Removing stm32f10x_fsmc.o(.text), (54 bytes).
    Removing stm32f10x_fsmc.o(.text), (60 bytes).
    Removing stm32f10x_fsmc.o(.text), (32 bytes).
    Removing stm32f10x_fsmc.o(.text), (56 bytes).
    Removing stm32f10x_fsmc.o(.text), (32 bytes).
    Removing stm32f10x_fsmc.o(.text), (56 bytes).
    Removing stm32f10x_fsmc.o(.text), (18 bytes).
    Removing stm32f10x_fsmc.o(.text), (80 bytes).
    Removing stm32f10x_fsmc.o(.text), (40 bytes).
    Removing stm32f10x_fsmc.o(.text), (42 bytes).
    Removing stm32f10x_fsmc.o(.text), (48 bytes).
    Removing stm32f10x_fsmc.o(.text), (44 bytes).
    Removing stm32f10x_gpio.o(.rev16_text), (4 bytes).
    Removing stm32f10x_gpio.o(.revsh_text), (4 bytes).
    Removing stm32f10x_gpio.o(.text), (180 bytes).
    Removing stm32f10x_gpio.o(.text), (22 bytes).
    Removing stm32f10x_gpio.o(.text), (156 bytes).
    Removing stm32f10x_gpio.o(.text), (16 bytes).
    Removing stm32f10x_gpio.o(.text), (14 bytes).
    Removing stm32f10x_gpio.o(.text), (6 bytes).
    Removing stm32f10x_gpio.o(.text), (14 bytes).
    Removing stm32f10x_gpio.o(.text), (6 bytes).
    Removing stm32f10x_gpio.o(.text), (4 bytes).
    Removing stm32f10x_gpio.o(.text), (4 bytes).
    Removing stm32f10x_gpio.o(.text), (10 bytes).
    Removing stm32f10x_gpio.o(.text), (4 bytes).
    Removing stm32f10x_gpio.o(.text), (16 bytes).
    Removing stm32f10x_gpio.o(.text), (28 bytes).
    Removing stm32f10x_gpio.o(.text), (12 bytes).
    Removing stm32f10x_gpio.o(.text), (88 bytes).
    Removing stm32f10x_gpio.o(.text), (40 bytes).
    Removing stm32f10x_gpio.o(.text), (12 bytes).
    Removing stm32f10x_i2c.o(.rev16_text), (4 bytes).
    Removing stm32f10x_i2c.o(.revsh_text), (4 bytes).
    Removing stm32f10x_i2c.o(.text), (44 bytes).
    Removing stm32f10x_i2c.o(.text), (184 bytes).
    Removing stm32f10x_i2c.o(.text), (28 bytes).
    Removing stm32f10x_i2c.o(.text), (20 bytes).
    Removing stm32f10x_i2c.o(.text), (20 bytes).
    Removing stm32f10x_i2c.o(.text), (20 bytes).
    Removing stm32f10x_i2c.o(.text), (20 bytes).
    Removing stm32f10x_i2c.o(.text), (20 bytes).
    Removing stm32f10x_i2c.o(.text), (20 bytes).
    Removing stm32f10x_i2c.o(.text), (16 bytes).
    Removing stm32f10x_i2c.o(.text), (20 bytes).
    Removing stm32f10x_i2c.o(.text), (20 bytes).
    Removing stm32f10x_i2c.o(.text), (16 bytes).
    Removing stm32f10x_i2c.o(.text), (4 bytes).
    Removing stm32f10x_i2c.o(.text), (6 bytes).
    Removing stm32f10x_i2c.o(.text), (16 bytes).
    Removing stm32f10x_i2c.o(.text), (4 bytes).
    Removing stm32f10x_i2c.o(.text), (20 bytes).
    Removing stm32f10x_i2c.o(.text), (22 bytes).
    Removing stm32f10x_i2c.o(.text), (20 bytes).
    Removing stm32f10x_i2c.o(.text), (22 bytes).
    Removing stm32f10x_i2c.o(.text), (20 bytes).
    Removing stm32f10x_i2c.o(.text), (6 bytes).
    Removing stm32f10x_i2c.o(.text), (20 bytes).
    Removing stm32f10x_i2c.o(.text), (20 bytes).
    Removing stm32f10x_i2c.o(.text), (22 bytes).
    Removing stm32f10x_i2c.o(.text), (24 bytes).
    Removing stm32f10x_i2c.o(.text), (14 bytes).
    Removing stm32f10x_i2c.o(.text), (30 bytes).
    Removing stm32f10x_i2c.o(.text), (6 bytes).
    Removing stm32f10x_i2c.o(.text), (34 bytes).
    Removing stm32f10x_i2c.o(.text), (6 bytes).
    Removing stm32f10x_iwdg.o(.rev16_text), (4 bytes).
    Removing stm32f10x_iwdg.o(.revsh_text), (4 bytes).
    Removing stm32f10x_iwdg.o(.text), (12 bytes).
    Removing stm32f10x_iwdg.o(.text), (12 bytes).
    Removing stm32f10x_iwdg.o(.text), (12 bytes).
    Removing stm32f10x_iwdg.o(.text), (16 bytes).
    Removing stm32f10x_iwdg.o(.text), (16 bytes).
    Removing stm32f10x_iwdg.o(.text), (20 bytes).
    Removing stm32f10x_pwr.o(.rev16_text), (4 bytes).
    Removing stm32f10x_pwr.o(.revsh_text), (4 bytes).
    Removing stm32f10x_pwr.o(.text), (24 bytes).
    Removing stm32f10x_pwr.o(.text), (12 bytes).
    Removing stm32f10x_pwr.o(.text), (12 bytes).
    Removing stm32f10x_pwr.o(.text), (20 bytes).
    Removing stm32f10x_pwr.o(.text), (12 bytes).
    Removing stm32f10x_pwr.o(.text), (52 bytes).
    Removing stm32f10x_pwr.o(.text), (40 bytes).
    Removing stm32f10x_pwr.o(.text), (20 bytes).
    Removing stm32f10x_pwr.o(.text), (16 bytes).
    Removing stm32f10x_rcc.o(.rev16_text), (4 bytes).
    Removing stm32f10x_rcc.o(.revsh_text), (4 bytes).
    Removing stm32f10x_rcc.o(.text), (64 bytes).
    Removing stm32f10x_rcc.o(.text), (52 bytes).
    Removing stm32f10x_rcc.o(.text), (48 bytes).
    Removing stm32f10x_rcc.o(.text), (38 bytes).
    Removing stm32f10x_rcc.o(.text), (20 bytes).
    Removing stm32f10x_rcc.o(.text), (12 bytes).
    Removing stm32f10x_rcc.o(.text), (20 bytes).
    Removing stm32f10x_rcc.o(.text), (12 bytes).
    Removing stm32f10x_rcc.o(.text), (20 bytes).
    Removing stm32f10x_rcc.o(.text), (16 bytes).
    Removing stm32f10x_rcc.o(.text), (20 bytes).
    Removing stm32f10x_rcc.o(.text), (20 bytes).
    Removing stm32f10x_rcc.o(.text), (20 bytes).
    Removing stm32f10x_rcc.o(.text), (24 bytes).
    Removing stm32f10x_rcc.o(.text), (12 bytes).
    Removing stm32f10x_rcc.o(.text), (20 bytes).
    Removing stm32f10x_rcc.o(.text), (32 bytes).
    Removing stm32f10x_rcc.o(.text), (12 bytes).
    Removing stm32f10x_rcc.o(.text), (16 bytes).
    Removing stm32f10x_rcc.o(.text), (12 bytes).
    Removing stm32f10x_rcc.o(.text), (152 bytes).
    Removing stm32f10x_rcc.o(.text), (24 bytes).
    Removing stm32f10x_rcc.o(.text), (24 bytes).
    Removing stm32f10x_rcc.o(.text), (24 bytes).
    Removing stm32f10x_rcc.o(.text), (24 bytes).
    Removing stm32f10x_rcc.o(.text), (24 bytes).
    Removing stm32f10x_rcc.o(.text), (12 bytes).
    Removing stm32f10x_rcc.o(.text), (12 bytes).
    Removing stm32f10x_rcc.o(.text), (12 bytes).
    Removing stm32f10x_rcc.o(.text), (16 bytes).
    Removing stm32f10x_rcc.o(.text), (20 bytes).
    Removing stm32f10x_rcc.o(.text), (12 bytes).
    Removing stm32f10x_rcc.o(.data), (20 bytes).
    Removing stm32f10x_rtc.o(.rev16_text), (4 bytes).
    Removing stm32f10x_rtc.o(.revsh_text), (4 bytes).
    Removing stm32f10x_rtc.o(.text), (24 bytes).
    Removing stm32f10x_rtc.o(.text), (16 bytes).
    Removing stm32f10x_rtc.o(.text), (16 bytes).
    Removing stm32f10x_rtc.o(.text), (20 bytes).
    Removing stm32f10x_rtc.o(.text), (32 bytes).
    Removing stm32f10x_rtc.o(.text), (32 bytes).
    Removing stm32f10x_rtc.o(.text), (32 bytes).
    Removing stm32f10x_rtc.o(.text), (24 bytes).
    Removing stm32f10x_rtc.o(.text), (16 bytes).
    Removing stm32f10x_rtc.o(.text), (24 bytes).
    Removing stm32f10x_rtc.o(.text), (20 bytes).
    Removing stm32f10x_rtc.o(.text), (16 bytes).
    Removing stm32f10x_rtc.o(.text), (32 bytes).
    Removing stm32f10x_rtc.o(.text), (16 bytes).
    Removing stm32f10x_sdio.o(.rev16_text), (4 bytes).
    Removing stm32f10x_sdio.o(.revsh_text), (4 bytes).
    Removing stm32f10x_sdio.o(.text), (36 bytes).
    Removing stm32f10x_sdio.o(.text), (44 bytes).
    Removing stm32f10x_sdio.o(.text), (16 bytes).
    Removing stm32f10x_sdio.o(.text), (12 bytes).
    Removing stm32f10x_sdio.o(.text), (24 bytes).
    Removing stm32f10x_sdio.o(.text), (16 bytes).
    Removing stm32f10x_sdio.o(.text), (24 bytes).
    Removing stm32f10x_sdio.o(.text), (12 bytes).
    Removing stm32f10x_sdio.o(.text), (40 bytes).
    Removing stm32f10x_sdio.o(.text), (14 bytes).
    Removing stm32f10x_sdio.o(.text), (12 bytes).
    Removing stm32f10x_sdio.o(.text), (12 bytes).
    Removing stm32f10x_sdio.o(.text), (44 bytes).
    Removing stm32f10x_sdio.o(.text), (20 bytes).
    Removing stm32f10x_sdio.o(.text), (12 bytes).
    Removing stm32f10x_sdio.o(.text), (12 bytes).
    Removing stm32f10x_sdio.o(.text), (12 bytes).
    Removing stm32f10x_sdio.o(.text), (12 bytes).
    Removing stm32f10x_sdio.o(.text), (12 bytes).
    Removing stm32f10x_sdio.o(.text), (12 bytes).
    Removing stm32f10x_sdio.o(.text), (12 bytes).
    Removing stm32f10x_sdio.o(.text), (12 bytes).
    Removing stm32f10x_sdio.o(.text), (12 bytes).
    Removing stm32f10x_sdio.o(.text), (12 bytes).
    Removing stm32f10x_sdio.o(.text), (16 bytes).
    Removing stm32f10x_sdio.o(.text), (12 bytes).
    Removing stm32f10x_sdio.o(.text), (20 bytes).
    Removing stm32f10x_sdio.o(.text), (12 bytes).
    Removing stm32f10x_sdio.o(.text), (20 bytes).
    Removing stm32f10x_sdio.o(.text), (12 bytes).
    Removing stm32f10x_spi.o(.rev16_text), (4 bytes).
    Removing stm32f10x_spi.o(.revsh_text), (4 bytes).
    Removing stm32f10x_spi.o(.text), (84 bytes).
    Removing stm32f10x_spi.o(.text), (56 bytes).
    Removing stm32f10x_spi.o(.text), (144 bytes).
    Removing stm32f10x_spi.o(.text), (24 bytes).
    Removing stm32f10x_spi.o(.text), (18 bytes).
    Removing stm32f10x_spi.o(.text), (20 bytes).
    Removing stm32f10x_spi.o(.text), (20 bytes).
    Removing stm32f10x_spi.o(.text), (24 bytes).
    Removing stm32f10x_spi.o(.text), (16 bytes).
    Removing stm32f10x_spi.o(.text), (4 bytes).
    Removing stm32f10x_spi.o(.text), (4 bytes).
    Removing stm32f10x_spi.o(.text), (24 bytes).
    Removing stm32f10x_spi.o(.text), (20 bytes).
    Removing stm32f10x_spi.o(.text), (16 bytes).
    Removing stm32f10x_spi.o(.text), (10 bytes).
    Removing stm32f10x_spi.o(.text), (20 bytes).
    Removing stm32f10x_spi.o(.text), (12 bytes).
    Removing stm32f10x_spi.o(.text), (4 bytes).
    Removing stm32f10x_spi.o(.text), (22 bytes).
    Removing stm32f10x_spi.o(.text), (14 bytes).
    Removing stm32f10x_spi.o(.text), (6 bytes).
    Removing stm32f10x_spi.o(.text), (42 bytes).
    Removing stm32f10x_spi.o(.text), (14 bytes).
    Removing stm32f10x_tim.o(.rev16_text), (4 bytes).
    Removing stm32f10x_tim.o(.revsh_text), (4 bytes).
    Removing stm32f10x_tim.o(.text), (368 bytes).
    Removing stm32f10x_tim.o(.text), (156 bytes).
    Removing stm32f10x_tim.o(.text), (128 bytes).
    Removing stm32f10x_tim.o(.text), (124 bytes).
    Removing stm32f10x_tim.o(.text), (120 bytes).
    Removing stm32f10x_tim.o(.text), (96 bytes).
    Removing stm32f10x_tim.o(.text), (18 bytes).
    Removing stm32f10x_tim.o(.text), (16 bytes).
    Removing stm32f10x_tim.o(.text), (18 bytes).
    Removing stm32f10x_tim.o(.text), (44 bytes).
    Removing stm32f10x_tim.o(.text), (16 bytes).
    Removing stm32f10x_tim.o(.text), (160 bytes).
    Removing stm32f10x_tim.o(.text), (108 bytes).
    Removing stm32f10x_tim.o(.text), (34 bytes).
    Removing stm32f10x_tim.o(.text), (18 bytes).
    Removing stm32f10x_tim.o(.text), (20 bytes).
    Removing stm32f10x_tim.o(.text), (16 bytes).
    Removing stm32f10x_tim.o(.text), (18 bytes).
    Removing stm32f10x_tim.o(.text), (20 bytes).
    Removing stm32f10x_tim.o(.text), (22 bytes).
    Removing stm32f10x_tim.o(.text), (16 bytes).
    Removing stm32f10x_tim.o(.text), (4 bytes).
    Removing stm32f10x_tim.o(.text), (8 bytes).
    Removing stm32f10x_tim.o(.text), (16 bytes).
    Removing stm32f10x_tim.o(.text), (10 bytes).
    Removing stm32f10x_tim.o(.text), (12 bytes).
    Removing stm32f10x_tim.o(.text), (18 bytes).
    Removing stm32f10x_tim.o(.text), (44 bytes).
    Removing stm32f10x_tim.o(.text), (18 bytes).
    Removing stm32f10x_tim.o(.text), (18 bytes).
    Removing stm32f10x_tim.o(.text), (18 bytes).
    Removing stm32f10x_tim.o(.text), (6 bytes).
    Removing stm32f10x_tim.o(.text), (12 bytes).
    Removing stm32f10x_tim.o(.text), (44 bytes).
    Removing stm32f10x_tim.o(.text), (12 bytes).
    Removing stm32f10x_tim.o(.text), (14 bytes).
    Removing stm32f10x_tim.o(.text), (12 bytes).
    Removing stm32f10x_tim.o(.text), (14 bytes).
    Removing stm32f10x_tim.o(.text), (20 bytes).
    Removing stm32f10x_tim.o(.text), (20 bytes).
    Removing stm32f10x_tim.o(.text), (20 bytes).
    Removing stm32f10x_tim.o(.text), (20 bytes).
    Removing stm32f10x_tim.o(.text), (12 bytes).
    Removing stm32f10x_tim.o(.text), (14 bytes).
    Removing stm32f10x_tim.o(.text), (12 bytes).
    Removing stm32f10x_tim.o(.text), (14 bytes).
    Removing stm32f10x_tim.o(.text), (12 bytes).
    Removing stm32f10x_tim.o(.text), (14 bytes).
    Removing stm32f10x_tim.o(.text), (12 bytes).
    Removing stm32f10x_tim.o(.text), (14 bytes).
    Removing stm32f10x_tim.o(.text), (12 bytes).
    Removing stm32f10x_tim.o(.text), (14 bytes).
    Removing stm32f10x_tim.o(.text), (12 bytes).
    Removing stm32f10x_tim.o(.text), (14 bytes).
    Removing stm32f10x_tim.o(.text), (12 bytes).
    Removing stm32f10x_tim.o(.text), (12 bytes).
    Removing stm32f10x_tim.o(.text), (14 bytes).
    Removing stm32f10x_tim.o(.text), (14 bytes).
    Removing stm32f10x_tim.o(.text), (14 bytes).
    Removing stm32f10x_tim.o(.text), (14 bytes).
    Removing stm32f10x_tim.o(.text), (14 bytes).
    Removing stm32f10x_tim.o(.text), (22 bytes).
    Removing stm32f10x_tim.o(.text), (22 bytes).
    Removing stm32f10x_tim.o(.text), (66 bytes).
    Removing stm32f10x_tim.o(.text), (20 bytes).
    Removing stm32f10x_tim.o(.text), (20 bytes).
    Removing stm32f10x_tim.o(.text), (20 bytes).
    Removing stm32f10x_tim.o(.text), (16 bytes).
    Removing stm32f10x_tim.o(.text), (16 bytes).
    Removing stm32f10x_tim.o(.text), (16 bytes).
    Removing stm32f10x_tim.o(.text), (16 bytes).
    Removing stm32f10x_tim.o(.text), (4 bytes).
    Removing stm32f10x_tim.o(.text), (4 bytes).
    Removing stm32f10x_tim.o(.text), (4 bytes).
    Removing stm32f10x_tim.o(.text), (4 bytes).
    Removing stm32f10x_tim.o(.text), (4 bytes).
    Removing stm32f10x_tim.o(.text), (6 bytes).
    Removing stm32f10x_tim.o(.text), (16 bytes).
    Removing stm32f10x_tim.o(.text), (4 bytes).
    Removing stm32f10x_tim.o(.text), (4 bytes).
    Removing stm32f10x_tim.o(.text), (4 bytes).
    Removing stm32f10x_tim.o(.text), (6 bytes).
    Removing stm32f10x_tim.o(.text), (4 bytes).
    Removing stm32f10x_tim.o(.text), (4 bytes).
    Removing stm32f10x_tim.o(.text), (14 bytes).
    Removing stm32f10x_tim.o(.text), (6 bytes).
    Removing stm32f10x_tim.o(.text), (24 bytes).
    Removing stm32f10x_tim.o(.text), (6 bytes).
    Removing stm32f10x_tim.o(.text), (40 bytes).
    Removing stm32f10x_usart.o(.rev16_text), (4 bytes).
    Removing stm32f10x_usart.o(.revsh_text), (4 bytes).
    Removing stm32f10x_usart.o(.text), (116 bytes).
    Removing stm32f10x_usart.o(.text), (180 bytes).
    Removing stm32f10x_usart.o(.text), (22 bytes).
    Removing stm32f10x_usart.o(.text), (30 bytes).
    Removing stm32f10x_usart.o(.text), (12 bytes).
    Removing stm32f10x_usart.o(.text), (20 bytes).
    Removing stm32f10x_usart.o(.text), (48 bytes).
    Removing stm32f10x_usart.o(.text), (16 bytes).
    Removing stm32f10x_usart.o(.text), (16 bytes).
    Removing stm32f10x_usart.o(.text), (16 bytes).
    Removing stm32f10x_usart.o(.text), (20 bytes).
    Removing stm32f10x_usart.o(.text), (16 bytes).
    Removing stm32f10x_usart.o(.text), (20 bytes).
    Removing stm32f10x_usart.o(.text), (8 bytes).
    Removing stm32f10x_usart.o(.text), (8 bytes).
    Removing stm32f10x_usart.o(.text), (10 bytes).
    Removing stm32f10x_usart.o(.text), (16 bytes).
    Removing stm32f10x_usart.o(.text), (16 bytes).
    Removing stm32f10x_usart.o(.text), (20 bytes).
    Removing stm32f10x_usart.o(.text), (20 bytes).
    Removing stm32f10x_usart.o(.text), (20 bytes).
    Removing stm32f10x_usart.o(.text), (20 bytes).
    Removing stm32f10x_usart.o(.text), (20 bytes).
    Removing stm32f10x_usart.o(.text), (16 bytes).
    Removing stm32f10x_usart.o(.text), (20 bytes).
    Removing stm32f10x_usart.o(.text), (14 bytes).
    Removing stm32f10x_usart.o(.text), (6 bytes).
    Removing stm32f10x_usart.o(.text), (62 bytes).
    Removing stm32f10x_usart.o(.text), (12 bytes).
    Removing stm32f10x_wwdg.o(.rev16_text), (4 bytes).
    Removing stm32f10x_wwdg.o(.revsh_text), (4 bytes).
    Removing stm32f10x_wwdg.o(.text), (24 bytes).
    Removing stm32f10x_wwdg.o(.text), (20 bytes).
    Removing stm32f10x_wwdg.o(.text), (24 bytes).
    Removing stm32f10x_wwdg.o(.text), (12 bytes).
    Removing stm32f10x_wwdg.o(.text), (16 bytes).
    Removing stm32f10x_wwdg.o(.text), (16 bytes).
    Removing stm32f10x_wwdg.o(.text), (12 bytes).
    Removing stm32f10x_wwdg.o(.text), (12 bytes).

516 unused section(s) (total 14598 bytes) removed from the image.

==============================================================================

Image Symbol Table

    Local Symbols

    Symbol Name                              Value     Ov Type        Size  Object(Section)

    ../../angel/boardlib.s                   0x00000000   Number         0  boardinit1.o ABSOLUTE
    ../../angel/boardlib.s                   0x00000000   Number         0  boardinit2.o ABSOLUTE
    ../../angel/boardlib.s                   0x00000000   Number         0  boardinit3.o ABSOLUTE
    ../../angel/boardlib.s                   0x00000000   Number         0  boardshut.o ABSOLUTE
    ../../angel/handlers.s                   0x00000000   Number         0  __scatter_zi.o ABSOLUTE
    ../../angel/kernel.s                     0x00000000   Number         0  rtexit.o ABSOLUTE
    ../../angel/kernel.s                     0x00000000   Number         0  rtentry.o ABSOLUTE
    ../../angel/kernel.s                     0x00000000   Number         0  rtentry2.o ABSOLUTE
    ../../angel/kernel.s                     0x00000000   Number         0  rtexit2.o ABSOLUTE
    ../../angel/kernel.s                     0x00000000   Number         0  rtentry4.o ABSOLUTE
    ../../angel/rt.s                         0x00000000   Number         0  rt_fp_status_addr.o ABSOLUTE
    ../../angel/rt.s                         0x00000000   Number         0  rt_fp_status_addr_intlibspace.o ABSOLUTE
    ../../angel/rt.s                         0x00000000   Number         0  rt_raise.o ABSOLUTE
    ../../angel/scatter.s                    0x00000000   Number         0  __scatter.o ABSOLUTE
    ../../angel/startup.s                    0x00000000   Number         0  __main.o ABSOLUTE
    ../../angel/sys.s                        0x00000000   Number         0  use_no_semi.o ABSOLUTE
    ../../angel/sys.s                        0x00000000   Number         0  sys_stackheap_outer.o ABSOLUTE
    ../../angel/sys.s                        0x00000000   Number         0  libspace.o ABSOLUTE
    ../../angel/sys.s                        0x00000000   Number         0  indicate_semi.o ABSOLUTE
    ../../angel/sysapp.c                     0x00000000   Number         0  sys_command.o ABSOLUTE
    ../../angel/sysapp.c                     0x00000000   Number         0  sys_wrch.o ABSOLUTE
    ../../angel/sysapp.c                     0x00000000   Number         0  sys_exit.o ABSOLUTE
    ../../armsys.c                           0x00000000   Number         0  argv_veneer.o ABSOLUTE
    ../../armsys.c                           0x00000000   Number         0  argv_veneer.o ABSOLUTE
    ../../armsys.c                           0x00000000   Number         0  no_argv.o ABSOLUTE
    ../../armsys.c                           0x00000000   Number         0  _get_argv_nomalloc.o ABSOLUTE
    ../../fpinit.s                           0x00000000   Number         0  fpinit.o ABSOLUTE
    ../../heapalloc.c                        0x00000000   Number         0  hrguard.o ABSOLUTE
    ../../heapaux.c                          0x00000000   Number         0  heapauxi.o ABSOLUTE
    ../../libinit.s                          0x00000000   Number         0  libinit2.o ABSOLUTE
    ../../libinit.s                          0x00000000   Number         0  libinit.o ABSOLUTE
    ../../libinit.s                          0x00000000   Number         0  libshutdown2.o ABSOLUTE
    ../../libinit.s                          0x00000000   Number         0  libshutdown.o ABSOLUTE
    ../../signal.c                           0x00000000   Number         0  defsig_stak_inner.o ABSOLUTE
    ../../signal.c                           0x00000000   Number         0  defsig_pvfn_inner.o ABSOLUTE
    ../../signal.c                           0x00000000   Number         0  defsig_other.o ABSOLUTE
    ../../signal.c                           0x00000000   Number         0  defsig_cppl_inner.o ABSOLUTE
    ../../signal.c                           0x00000000   Number         0  defsig_rtred_inner.o ABSOLUTE
    ../../signal.c                           0x00000000   Number         0  defsig_general.o ABSOLUTE
    ../../signal.c                           0x00000000   Number         0  __raise.o ABSOLUTE
    ../../signal.c                           0x00000000   Number         0  defsig_rtmem_inner.o ABSOLUTE
    ../../signal.c                           0x00000000   Number         0  defsig_fpe_inner.o ABSOLUTE
    ../../signal.c                           0x00000000   Number         0  defsig_rtmem_formal.o ABSOLUTE
    ../../signal.c                           0x00000000   Number         0  defsig_rtmem_outer.o ABSOLUTE
    ../../signal.c                           0x00000000   Number         0  defsig_segv_inner.o ABSOLUTE
    ../../signal.c                           0x00000000   Number         0  defsig_abrt_inner.o ABSOLUTE
    ../../signal.c                           0x00000000   Number         0  defsig_exit.o ABSOLUTE
    ../../signal.s                           0x00000000   Number         0  defsig.o ABSOLUTE
    ../../stdlib.c                           0x00000000   Number         0  exit.o ABSOLUTE
    ..\Drivers\misc.c                        0x00000000   Number         0  misc.o ABSOLUTE
    ..\Drivers\stm32f10x_adc.c               0x00000000   Number         0  stm32f10x_adc.o ABSOLUTE
    ..\Drivers\stm32f10x_bkp.c               0x00000000   Number         0  stm32f10x_bkp.o ABSOLUTE
    ..\Drivers\stm32f10x_can.c               0x00000000   Number         0  stm32f10x_can.o ABSOLUTE
    ..\Drivers\stm32f10x_cec.c               0x00000000   Number         0  stm32f10x_cec.o ABSOLUTE
    ..\Drivers\stm32f10x_crc.c               0x00000000   Number         0  stm32f10x_crc.o ABSOLUTE
    ..\Drivers\stm32f10x_dac.c               0x00000000   Number         0  stm32f10x_dac.o ABSOLUTE
    ..\Drivers\stm32f10x_dbgmcu.c            0x00000000   Number         0  stm32f10x_dbgmcu.o ABSOLUTE
    ..\Drivers\stm32f10x_dma.c               0x00000000   Number         0  stm32f10x_dma.o ABSOLUTE
    ..\Drivers\stm32f10x_exti.c              0x00000000   Number         0  stm32f10x_exti.o ABSOLUTE
    ..\Drivers\stm32f10x_flash.c             0x00000000   Number         0  stm32f10x_flash.o ABSOLUTE
    ..\Drivers\stm32f10x_fsmc.c              0x00000000   Number         0  stm32f10x_fsmc.o ABSOLUTE
    ..\Drivers\stm32f10x_gpio.c              0x00000000   Number         0  stm32f10x_gpio.o ABSOLUTE
    ..\Drivers\stm32f10x_i2c.c               0x00000000   Number         0  stm32f10x_i2c.o ABSOLUTE
    ..\Drivers\stm32f10x_iwdg.c              0x00000000   Number         0  stm32f10x_iwdg.o ABSOLUTE
    ..\Drivers\stm32f10x_pwr.c               0x00000000   Number         0  stm32f10x_pwr.o ABSOLUTE
    ..\Drivers\stm32f10x_rcc.c               0x00000000   Number         0  stm32f10x_rcc.o ABSOLUTE
    ..\Drivers\stm32f10x_rtc.c               0x00000000   Number         0  stm32f10x_rtc.o ABSOLUTE
    ..\Drivers\stm32f10x_sdio.c              0x00000000   Number         0  stm32f10x_sdio.o ABSOLUTE
    ..\Drivers\stm32f10x_spi.c               0x00000000   Number         0  stm32f10x_spi.o ABSOLUTE
    ..\Drivers\stm32f10x_tim.c               0x00000000   Number         0  stm32f10x_tim.o ABSOLUTE
    ..\Drivers\stm32f10x_usart.c             0x00000000   Number         0  stm32f10x_usart.o ABSOLUTE
    ..\Drivers\stm32f10x_wwdg.c              0x00000000   Number         0  stm32f10x_wwdg.o ABSOLUTE
    ..\System\main.c                         0x00000000   Number         0  main.o ABSOLUTE
    ..\System\startup_stm32f10x_hd.s         0x00000000   Number         0  startup_stm32f10x_hd.o ABSOLUTE
    ..\System\system_stm32f10x.c             0x00000000   Number         0  system_stm32f10x.o ABSOLUTE
    ..\\Drivers\\misc.c                      0x00000000   Number         0  misc.o ABSOLUTE
    ..\\Drivers\\stm32f10x_adc.c             0x00000000   Number         0  stm32f10x_adc.o ABSOLUTE
    ..\\Drivers\\stm32f10x_bkp.c             0x00000000   Number         0  stm32f10x_bkp.o ABSOLUTE
    ..\\Drivers\\stm32f10x_can.c             0x00000000   Number         0  stm32f10x_can.o ABSOLUTE
    ..\\Drivers\\stm32f10x_cec.c             0x00000000   Number         0  stm32f10x_cec.o ABSOLUTE
    ..\\Drivers\\stm32f10x_crc.c             0x00000000   Number         0  stm32f10x_crc.o ABSOLUTE
    ..\\Drivers\\stm32f10x_dac.c             0x00000000   Number         0  stm32f10x_dac.o ABSOLUTE
    ..\\Drivers\\stm32f10x_dbgmcu.c          0x00000000   Number         0  stm32f10x_dbgmcu.o ABSOLUTE
    ..\\Drivers\\stm32f10x_dma.c             0x00000000   Number         0  stm32f10x_dma.o ABSOLUTE
    ..\\Drivers\\stm32f10x_exti.c            0x00000000   Number         0  stm32f10x_exti.o ABSOLUTE
    ..\\Drivers\\stm32f10x_flash.c           0x00000000   Number         0  stm32f10x_flash.o ABSOLUTE
    ..\\Drivers\\stm32f10x_fsmc.c            0x00000000   Number         0  stm32f10x_fsmc.o ABSOLUTE
    ..\\Drivers\\stm32f10x_gpio.c            0x00000000   Number         0  stm32f10x_gpio.o ABSOLUTE
    ..\\Drivers\\stm32f10x_i2c.c             0x00000000   Number         0  stm32f10x_i2c.o ABSOLUTE
    ..\\Drivers\\stm32f10x_iwdg.c            0x00000000   Number         0  stm32f10x_iwdg.o ABSOLUTE
    ..\\Drivers\\stm32f10x_pwr.c             0x00000000   Number         0  stm32f10x_pwr.o ABSOLUTE
    ..\\Drivers\\stm32f10x_rcc.c             0x00000000   Number         0  stm32f10x_rcc.o ABSOLUTE
    ..\\Drivers\\stm32f10x_rtc.c             0x00000000   Number         0  stm32f10x_rtc.o ABSOLUTE
    ..\\Drivers\\stm32f10x_sdio.c            0x00000000   Number         0  stm32f10x_sdio.o ABSOLUTE
    ..\\Drivers\\stm32f10x_spi.c             0x00000000   Number         0  stm32f10x_spi.o ABSOLUTE
    ..\\Drivers\\stm32f10x_tim.c             0x00000000   Number         0  stm32f10x_tim.o ABSOLUTE
    ..\\Drivers\\stm32f10x_usart.c           0x00000000   Number         0  stm32f10x_usart.o ABSOLUTE
    ..\\Drivers\\stm32f10x_wwdg.c            0x00000000   Number         0  stm32f10x_wwdg.o ABSOLUTE
    ..\\System\\main.c                       0x00000000   Number         0  main.o ABSOLUTE
    ..\\System\\system_stm32f10x.c           0x00000000   Number         0  system_stm32f10x.o ABSOLUTE
    dc.s                                     0x00000000   Number         0  dc.o ABSOLUTE
    RESET                                    0x08000000   Section      304  startup_stm32f10x_hd.o(RESET)
    !!!main                                  0x08000130   Section        8  __main.o(!!!main)
    !!!scatter                               0x08000138   Section       52  __scatter.o(!!!scatter)
    !!handler_zi                             0x0800016c   Section       28  __scatter_zi.o(!!handler_zi)
    .ARM.Collect$$libinit$$00000000          0x08000188   Section        6  libinit.o(.ARM.Collect$$libinit$$00000000)
    .ARM.Collect$$libinit$$00000006          0x0800018e   Section        0  libinit2.o(.ARM.Collect$$libinit$$00000006)
    .ARM.Collect$$libinit$$00000008          0x0800018e   Section        0  libinit2.o(.ARM.Collect$$libinit$$00000008)
    .ARM.Collect$$libinit$$0000000A          0x0800018e   Section        0  libinit2.o(.ARM.Collect$$libinit$$0000000A)
    .ARM.Collect$$libinit$$0000000D          0x0800018e   Section        0  libinit2.o(.ARM.Collect$$libinit$$0000000D)
    .ARM.Collect$$libinit$$0000000F          0x0800018e   Section        0  libinit2.o(.ARM.Collect$$libinit$$0000000F)
    .ARM.Collect$$libinit$$00000011          0x0800018e   Section        0  libinit2.o(.ARM.Collect$$libinit$$00000011)
    .ARM.Collect$$libinit$$00000013          0x0800018e   Section        0  libinit2.o(.ARM.Collect$$libinit$$00000013)
    .ARM.Collect$$libinit$$00000015          0x0800018e   Section        0  libinit2.o(.ARM.Collect$$libinit$$00000015)
    .ARM.Collect$$libinit$$00000017          0x0800018e   Section        0  libinit2.o(.ARM.Collect$$libinit$$00000017)
    .ARM.Collect$$libinit$$00000019          0x0800018e   Section        0  libinit2.o(.ARM.Collect$$libinit$$00000019)
    .ARM.Collect$$libinit$$0000001B          0x0800018e   Section        0  libinit2.o(.ARM.Collect$$libinit$$0000001B)
    .ARM.Collect$$libinit$$0000001D          0x0800018e   Section        0  libinit2.o(.ARM.Collect$$libinit$$0000001D)
    .ARM.Collect$$libinit$$0000001F          0x0800018e   Section        0  libinit2.o(.ARM.Collect$$libinit$$0000001F)
    .ARM.Collect$$libinit$$00000021          0x0800018e   Section        0  libinit2.o(.ARM.Collect$$libinit$$00000021)
    .ARM.Collect$$libinit$$00000028          0x0800018e   Section        0  libinit2.o(.ARM.Collect$$libinit$$00000028)
    .ARM.Collect$$libinit$$0000002A          0x0800018e   Section        0  libinit2.o(.ARM.Collect$$libinit$$0000002A)
    .ARM.Collect$$libinit$$0000002C          0x0800018e   Section        0  libinit2.o(.ARM.Collect$$libinit$$0000002C)
    .ARM.Collect$$libinit$$0000002E          0x0800018e   Section        0  libinit2.o(.ARM.Collect$$libinit$$0000002E)
    .ARM.Collect$$libinit$$0000002F          0x0800018e   Section        2  libinit2.o(.ARM.Collect$$libinit$$0000002F)
    .ARM.Collect$$libshutdown$$00000000      0x08000190   Section        2  libshutdown.o(.ARM.Collect$$libshutdown$$00000000)
    .ARM.Collect$$libshutdown$$00000003      0x08000192   Section        0  libshutdown2.o(.ARM.Collect$$libshutdown$$00000003)
    .ARM.Collect$$libshutdown$$00000006      0x08000192   Section        0  libshutdown2.o(.ARM.Collect$$libshutdown$$00000006)
    .ARM.Collect$$libshutdown$$00000009      0x08000192   Section        0  libshutdown2.o(.ARM.Collect$$libshutdown$$00000009)
    .ARM.Collect$$libshutdown$$0000000B      0x08000192   Section        0  libshutdown2.o(.ARM.Collect$$libshutdown$$0000000B)
    .ARM.Collect$$libshutdown$$0000000E      0x08000192   Section        0  libshutdown2.o(.ARM.Collect$$libshutdown$$0000000E)
    .ARM.Collect$$libshutdown$$0000000F      0x08000192   Section        2  libshutdown2.o(.ARM.Collect$$libshutdown$$0000000F)
    .ARM.Collect$$rtentry$$00000000          0x08000194   Section        0  rtentry.o(.ARM.Collect$$rtentry$$00000000)
    .ARM.Collect$$rtentry$$00000002          0x08000194   Section        0  rtentry2.o(.ARM.Collect$$rtentry$$00000002)
    .ARM.Collect$$rtentry$$00000004          0x08000194   Section        6  rtentry4.o(.ARM.Collect$$rtentry$$00000004)
    .ARM.Collect$$rtentry$$00000009          0x0800019a   Section        0  rtentry2.o(.ARM.Collect$$rtentry$$00000009)
    .ARM.Collect$$rtentry$$0000000A          0x0800019a   Section        4  rtentry2.o(.ARM.Collect$$rtentry$$0000000A)
    .ARM.Collect$$rtentry$$0000000C          0x0800019e   Section        0  rtentry2.o(.ARM.Collect$$rtentry$$0000000C)
    .ARM.Collect$$rtentry$$0000000D          0x0800019e   Section        8  rtentry2.o(.ARM.Collect$$rtentry$$0000000D)
    .ARM.Collect$$rtexit$$00000000           0x080001a6   Section        2  rtexit.o(.ARM.Collect$$rtexit$$00000000)
    .ARM.Collect$$rtexit$$00000002           0x080001a8   Section        0  rtexit2.o(.ARM.Collect$$rtexit$$00000002)
    .ARM.Collect$$rtexit$$00000003           0x080001a8   Section        4  rtexit2.o(.ARM.Collect$$rtexit$$00000003)
    .ARM.Collect$$rtexit$$00000004           0x080001ac   Section        6  rtexit2.o(.ARM.Collect$$rtexit$$00000004)
    .text                                    0x080001b4   Section       60  startup_stm32f10x_hd.o(.text)
    .text                                    0x080001f0   Section        0  main.o(.text)
    .text                                    0x080001f2   Section        0  heapauxi.o(.text)
    .text                                    0x080001f8   Section       74  sys_stackheap_outer.o(.text)
    .text                                    0x08000242   Section        0  exit.o(.text)
    .text                                    0x08000250   Section        8  libspace.o(.text)
    .text                                    0x08000258   Section        8  rt_fp_status_addr_intlibspace.o(.text)
    .text                                    0x08000260   Section        0  sys_exit.o(.text)
    .text                                    0x0800026c   Section        2  use_no_semi.o(.text)
    .text                                    0x0800026e   Section        0  indicate_semi.o(.text)
    x$fpl$fpinit                             0x0800026e   Section       14  fpinit.o(x$fpl$fpinit)
    .bss                                     0x20000000   Section       96  libspace.o(.bss)
    HEAP                                     0x20000060   Section      512  startup_stm32f10x_hd.o(HEAP)
    Heap_Mem                                 0x20000060   Data         512  startup_stm32f10x_hd.o(HEAP)
    STACK                                    0x20000260   Section     1024  startup_stm32f10x_hd.o(STACK)
    Stack_Mem                                0x20000260   Data        1024  startup_stm32f10x_hd.o(STACK)
    __initial_sp                             0x20000660   Data           0  startup_stm32f10x_hd.o(STACK)

    Global Symbols

    Symbol Name                              Value     Ov Type        Size  Object(Section)

    BuildAttributes$$THM_ISAv4$P$D$K$B$S$PE$A:L22UL41UL21$X:L11$S22US41US21$IEEE1$IW$USESV6$~STKCKD$USESV7$~SHL$OSPACE$ROPI$EBA8$UX$STANDARDLIB$REQ8$PRES8$EABIv2 0x00000000   Number         0  anon$$obj.o ABSOLUTE
    __ARM_use_no_argv                        0x00000000   Number         0  main.o ABSOLUTE
    __ARM_exceptions_init                     - Undefined Weak Reference
    __alloca_initialize                       - Undefined Weak Reference
    __cpp_initialize__aeabi_                  - Undefined Weak Reference
    __cxa_finalize                            - Undefined Weak Reference
    __rt_locale                               - Undefined Weak Reference
    __sigvec_lookup                           - Undefined Weak Reference
    _atexit_init                              - Undefined Weak Reference
    _call_atexit_fns                          - Undefined Weak Reference
    _clock_init                               - Undefined Weak Reference
    _fp_trap_init                             - Undefined Weak Reference
    _fp_trap_shutdown                         - Undefined Weak Reference
    _get_lc_collate                           - Undefined Weak Reference
    _get_lc_ctype                             - Undefined Weak Reference
    _get_lc_monetary                          - Undefined Weak Reference
    _get_lc_numeric                           - Undefined Weak Reference
    _get_lc_time                              - Undefined Weak Reference
    _getenv_init                              - Undefined Weak Reference
    _handle_redirection                       - Undefined Weak Reference
    _init_alloc                               - Undefined Weak Reference
    _init_user_alloc                          - Undefined Weak Reference
    _initio                                   - Undefined Weak Reference
    _rand_init                                - Undefined Weak Reference
    _signal_finish                            - Undefined Weak Reference
    _signal_init                              - Undefined Weak Reference
    _terminate_alloc                          - Undefined Weak Reference
    _terminate_user_alloc                     - Undefined Weak Reference
    _terminateio                              - Undefined Weak Reference
    __Vectors_Size                           0x00000130   Number         0  startup_stm32f10x_hd.o ABSOLUTE
    __Vectors                                0x08000000   Data           4  startup_stm32f10x_hd.o(RESET)
    __Vectors_End                            0x08000130   Data           0  startup_stm32f10x_hd.o(RESET)
    __main                                   0x08000131   Thumb Code     8  __main.o(!!!main)
    __scatterload                            0x08000139   Thumb Code     0  __scatter.o(!!!scatter)
    __scatterload_rt2                        0x08000139   Thumb Code    44  __scatter.o(!!!scatter)
    __scatterload_rt2_thumb_only             0x08000139   Thumb Code     0  __scatter.o(!!!scatter)
    __scatterload_null                       0x08000147   Thumb Code     0  __scatter.o(!!!scatter)
    __scatterload_zeroinit                   0x0800016d   Thumb Code    28  __scatter_zi.o(!!handler_zi)
    __rt_lib_init                            0x08000189   Thumb Code     0  libinit.o(.ARM.Collect$$libinit$$00000000)
    __rt_lib_init_alloca_1                   0x0800018f   Thumb Code     0  libinit2.o(.ARM.Collect$$libinit$$0000002A)
    __rt_lib_init_argv_1                     0x0800018f   Thumb Code     0  libinit2.o(.ARM.Collect$$libinit$$00000028)
    __rt_lib_init_atexit_1                   0x0800018f   Thumb Code     0  libinit2.o(.ARM.Collect$$libinit$$00000017)
    __rt_lib_init_clock_1                    0x0800018f   Thumb Code     0  libinit2.o(.ARM.Collect$$libinit$$0000001D)
    __rt_lib_init_cpp_1                      0x0800018f   Thumb Code     0  libinit2.o(.ARM.Collect$$libinit$$0000002E)
    __rt_lib_init_exceptions_1               0x0800018f   Thumb Code     0  libinit2.o(.ARM.Collect$$libinit$$0000002C)
    __rt_lib_init_fp_trap_1                  0x0800018f   Thumb Code     0  libinit2.o(.ARM.Collect$$libinit$$0000001B)
    __rt_lib_init_getenv_1                   0x0800018f   Thumb Code     0  libinit2.o(.ARM.Collect$$libinit$$0000001F)
    __rt_lib_init_heap_1                     0x0800018f   Thumb Code     0  libinit2.o(.ARM.Collect$$libinit$$00000006)
    __rt_lib_init_lc_collate_1               0x0800018f   Thumb Code     0  libinit2.o(.ARM.Collect$$libinit$$0000000D)
    __rt_lib_init_lc_ctype_1                 0x0800018f   Thumb Code     0  libinit2.o(.ARM.Collect$$libinit$$0000000F)
    __rt_lib_init_lc_monetary_1              0x0800018f   Thumb Code     0  libinit2.o(.ARM.Collect$$libinit$$00000011)
    __rt_lib_init_lc_numeric_1               0x0800018f   Thumb Code     0  libinit2.o(.ARM.Collect$$libinit$$00000013)
    __rt_lib_init_lc_time_1                  0x0800018f   Thumb Code     0  libinit2.o(.ARM.Collect$$libinit$$00000015)
    __rt_lib_init_rand_1                     0x0800018f   Thumb Code     0  libinit2.o(.ARM.Collect$$libinit$$0000000A)
    __rt_lib_init_return                     0x0800018f   Thumb Code     0  libinit2.o(.ARM.Collect$$libinit$$0000002F)
    __rt_lib_init_signal_1                   0x0800018f   Thumb Code     0  libinit2.o(.ARM.Collect$$libinit$$00000019)
    __rt_lib_init_stdio_1                    0x0800018f   Thumb Code     0  libinit2.o(.ARM.Collect$$libinit$$00000021)
    __rt_lib_init_user_alloc_1               0x0800018f   Thumb Code     0  libinit2.o(.ARM.Collect$$libinit$$00000008)
    __rt_lib_shutdown                        0x08000191   Thumb Code     0  libshutdown.o(.ARM.Collect$$libshutdown$$00000000)
    __rt_lib_shutdown_fp_trap_1              0x08000193   Thumb Code     0  libshutdown2.o(.ARM.Collect$$libshutdown$$00000006)
    __rt_lib_shutdown_heap_1                 0x08000193   Thumb Code     0  libshutdown2.o(.ARM.Collect$$libshutdown$$0000000E)
    __rt_lib_shutdown_return                 0x08000193   Thumb Code     0  libshutdown2.o(.ARM.Collect$$libshutdown$$0000000F)
    __rt_lib_shutdown_signal_1               0x08000193   Thumb Code     0  libshutdown2.o(.ARM.Collect$$libshutdown$$00000009)
    __rt_lib_shutdown_stdio_1                0x08000193   Thumb Code     0  libshutdown2.o(.ARM.Collect$$libshutdown$$00000003)
    __rt_lib_shutdown_user_alloc_1           0x08000193   Thumb Code     0  libshutdown2.o(.ARM.Collect$$libshutdown$$0000000B)
    __rt_entry                               0x08000195   Thumb Code     0  rtentry.o(.ARM.Collect$$rtentry$$00000000)
    __rt_entry_presh_1                       0x08000195   Thumb Code     0  rtentry2.o(.ARM.Collect$$rtentry$$00000002)
    __rt_entry_sh                            0x08000195   Thumb Code     0  rtentry4.o(.ARM.Collect$$rtentry$$00000004)
    __rt_entry_li                            0x0800019b   Thumb Code     0  rtentry2.o(.ARM.Collect$$rtentry$$0000000A)
    __rt_entry_postsh_1                      0x0800019b   Thumb Code     0  rtentry2.o(.ARM.Collect$$rtentry$$00000009)
    __rt_entry_main                          0x0800019f   Thumb Code     0  rtentry2.o(.ARM.Collect$$rtentry$$0000000D)
    __rt_entry_postli_1                      0x0800019f   Thumb Code     0  rtentry2.o(.ARM.Collect$$rtentry$$0000000C)
    __rt_exit                                0x080001a7   Thumb Code     0  rtexit.o(.ARM.Collect$$rtexit$$00000000)
    __rt_exit_ls                             0x080001a9   Thumb Code     0  rtexit2.o(.ARM.Collect$$rtexit$$00000003)
    __rt_exit_prels_1                        0x080001a9   Thumb Code     0  rtexit2.o(.ARM.Collect$$rtexit$$00000002)
    __rt_exit_exit                           0x080001ad   Thumb Code     0  rtexit2.o(.ARM.Collect$$rtexit$$00000004)
    Reset_Handler                            0x080001b5   Thumb Code     6  startup_stm32f10x_hd.o(.text)
    NMI_Handler                              0x080001bb   Thumb Code     2  startup_stm32f10x_hd.o(.text)
    HardFault_Handler                        0x080001bd   Thumb Code     2  startup_stm32f10x_hd.o(.text)
    MemManage_Handler                        0x080001bf   Thumb Code     2  startup_stm32f10x_hd.o(.text)
    BusFault_Handler                         0x080001c1   Thumb Code     2  startup_stm32f10x_hd.o(.text)
    UsageFault_Handler                       0x080001c3   Thumb Code     2  startup_stm32f10x_hd.o(.text)
    SVC_Handler                              0x080001c5   Thumb Code     2  startup_stm32f10x_hd.o(.text)
    DebugMon_Handler                         0x080001c7   Thumb Code     2  startup_stm32f10x_hd.o(.text)
    PendSV_Handler                           0x080001c9   Thumb Code     2  startup_stm32f10x_hd.o(.text)
    SysTick_Handler                          0x080001cb   Thumb Code     2  startup_stm32f10x_hd.o(.text)
    ADC1_2_IRQHandler                        0x080001cd   Thumb Code     0  startup_stm32f10x_hd.o(.text)
    ADC3_IRQHandler                          0x080001cd   Thumb Code     0  startup_stm32f10x_hd.o(.text)
    CAN1_RX1_IRQHandler                      0x080001cd   Thumb Code     0  startup_stm32f10x_hd.o(.text)
    CAN1_SCE_IRQHandler                      0x080001cd   Thumb Code     0  startup_stm32f10x_hd.o(.text)
    DMA1_Channel1_IRQHandler                 0x080001cd   Thumb Code     0  startup_stm32f10x_hd.o(.text)
    DMA1_Channel2_IRQHandler                 0x080001cd   Thumb Code     0  startup_stm32f10x_hd.o(.text)
    DMA1_Channel3_IRQHandler                 0x080001cd   Thumb Code     0  startup_stm32f10x_hd.o(.text)
    DMA1_Channel4_IRQHandler                 0x080001cd   Thumb Code     0  startup_stm32f10x_hd.o(.text)
    DMA1_Channel5_IRQHandler                 0x080001cd   Thumb Code     0  startup_stm32f10x_hd.o(.text)
    DMA1_Channel6_IRQHandler                 0x080001cd   Thumb Code     0  startup_stm32f10x_hd.o(.text)
    DMA1_Channel7_IRQHandler                 0x080001cd   Thumb Code     0  startup_stm32f10x_hd.o(.text)
    DMA2_Channel1_IRQHandler                 0x080001cd   Thumb Code     0  startup_stm32f10x_hd.o(.text)
    DMA2_Channel2_IRQHandler                 0x080001cd   Thumb Code     0  startup_stm32f10x_hd.o(.text)
    DMA2_Channel3_IRQHandler                 0x080001cd   Thumb Code     0  startup_stm32f10x_hd.o(.text)
    DMA2_Channel4_5_IRQHandler               0x080001cd   Thumb Code     0  startup_stm32f10x_hd.o(.text)
    EXTI0_IRQHandler                         0x080001cd   Thumb Code     0  startup_stm32f10x_hd.o(.text)
    EXTI15_10_IRQHandler                     0x080001cd   Thumb Code     0  startup_stm32f10x_hd.o(.text)
    EXTI1_IRQHandler                         0x080001cd   Thumb Code     0  startup_stm32f10x_hd.o(.text)
    EXTI2_IRQHandler                         0x080001cd   Thumb Code     0  startup_stm32f10x_hd.o(.text)
    EXTI3_IRQHandler                         0x080001cd   Thumb Code     0  startup_stm32f10x_hd.o(.text)
    EXTI4_IRQHandler                         0x080001cd   Thumb Code     0  startup_stm32f10x_hd.o(.text)
    EXTI9_5_IRQHandler                       0x080001cd   Thumb Code     0  startup_stm32f10x_hd.o(.text)
    FLASH_IRQHandler                         0x080001cd   Thumb Code     0  startup_stm32f10x_hd.o(.text)
    FSMC_IRQHandler                          0x080001cd   Thumb Code     0  startup_stm32f10x_hd.o(.text)
    I2C1_ER_IRQHandler                       0x080001cd   Thumb Code     0  startup_stm32f10x_hd.o(.text)
    I2C1_EV_IRQHandler                       0x080001cd   Thumb Code     0  startup_stm32f10x_hd.o(.text)
    I2C2_ER_IRQHandler                       0x080001cd   Thumb Code     0  startup_stm32f10x_hd.o(.text)
    I2C2_EV_IRQHandler                       0x080001cd   Thumb Code     0  startup_stm32f10x_hd.o(.text)
    PVD_IRQHandler                           0x080001cd   Thumb Code     0  startup_stm32f10x_hd.o(.text)
    RCC_IRQHandler                           0x080001cd   Thumb Code     0  startup_stm32f10x_hd.o(.text)
    RTCAlarm_IRQHandler                      0x080001cd   Thumb Code     0  startup_stm32f10x_hd.o(.text)
    RTC_IRQHandler                           0x080001cd   Thumb Code     0  startup_stm32f10x_hd.o(.text)
    SDIO_IRQHandler                          0x080001cd   Thumb Code     0  startup_stm32f10x_hd.o(.text)
    SPI1_IRQHandler                          0x080001cd   Thumb Code     0  startup_stm32f10x_hd.o(.text)
    SPI2_IRQHandler                          0x080001cd   Thumb Code     0  startup_stm32f10x_hd.o(.text)
    SPI3_IRQHandler                          0x080001cd   Thumb Code     0  startup_stm32f10x_hd.o(.text)
    TAMPER_IRQHandler                        0x080001cd   Thumb Code     0  startup_stm32f10x_hd.o(.text)
    TIM1_BRK_IRQHandler                      0x080001cd   Thumb Code     0  startup_stm32f10x_hd.o(.text)
    TIM1_CC_IRQHandler                       0x080001cd   Thumb Code     0  startup_stm32f10x_hd.o(.text)
    TIM1_TRG_COM_IRQHandler                  0x080001cd   Thumb Code     0  startup_stm32f10x_hd.o(.text)
    TIM1_UP_IRQHandler                       0x080001cd   Thumb Code     0  startup_stm32f10x_hd.o(.text)
    TIM2_IRQHandler                          0x080001cd   Thumb Code     0  startup_stm32f10x_hd.o(.text)
    TIM3_IRQHandler                          0x080001cd   Thumb Code     0  startup_stm32f10x_hd.o(.text)
    TIM4_IRQHandler                          0x080001cd   Thumb Code     0  startup_stm32f10x_hd.o(.text)
    TIM5_IRQHandler                          0x080001cd   Thumb Code     0  startup_stm32f10x_hd.o(.text)
    TIM6_IRQHandler                          0x080001cd   Thumb Code     0  startup_stm32f10x_hd.o(.text)
    TIM7_IRQHandler                          0x080001cd   Thumb Code     0  startup_stm32f10x_hd.o(.text)
    TIM8_BRK_IRQHandler                      0x080001cd   Thumb Code     0  startup_stm32f10x_hd.o(.text)
    TIM8_CC_IRQHandler                       0x080001cd   Thumb Code     0  startup_stm32f10x_hd.o(.text)
    TIM8_TRG_COM_IRQHandler                  0x080001cd   Thumb Code     0  startup_stm32f10x_hd.o(.text)
    TIM8_UP_IRQHandler                       0x080001cd   Thumb Code     0  startup_stm32f10x_hd.o(.text)
    UART4_IRQHandler                         0x080001cd   Thumb Code     0  startup_stm32f10x_hd.o(.text)
    UART5_IRQHandler                         0x080001cd   Thumb Code     0  startup_stm32f10x_hd.o(.text)
    USART1_IRQHandler                        0x080001cd   Thumb Code     0  startup_stm32f10x_hd.o(.text)
    USART2_IRQHandler                        0x080001cd   Thumb Code     0  startup_stm32f10x_hd.o(.text)
    USART3_IRQHandler                        0x080001cd   Thumb Code     0  startup_stm32f10x_hd.o(.text)
    USBWakeUp_IRQHandler                     0x080001cd   Thumb Code     0  startup_stm32f10x_hd.o(.text)
    USB_HP_CAN1_TX_IRQHandler                0x080001cd   Thumb Code     0  startup_stm32f10x_hd.o(.text)
    USB_LP_CAN1_RX0_IRQHandler               0x080001cd   Thumb Code     0  startup_stm32f10x_hd.o(.text)
    WWDG_IRQHandler                          0x080001cd   Thumb Code     0  startup_stm32f10x_hd.o(.text)
    __user_initial_stackheap                 0x080001d1   Thumb Code     0  startup_stm32f10x_hd.o(.text)
    main                                     0x080001f1   Thumb Code     2  main.o(.text)
    __use_two_region_memory                  0x080001f3   Thumb Code     2  heapauxi.o(.text)
    __rt_heap_escrow$2region                 0x080001f5   Thumb Code     2  heapauxi.o(.text)
    __rt_heap_expand$2region                 0x080001f7   Thumb Code     2  heapauxi.o(.text)
    __user_setup_stackheap                   0x080001f9   Thumb Code    74  sys_stackheap_outer.o(.text)
    exit                                     0x08000243   Thumb Code    12  exit.o(.text)
    __user_libspace                          0x08000251   Thumb Code     8  libspace.o(.text)
    __user_perproc_libspace                  0x08000251   Thumb Code     0  libspace.o(.text)
    __user_perthread_libspace                0x08000251   Thumb Code     0  libspace.o(.text)
    __rt_fp_status_addr                      0x08000259   Thumb Code     8  rt_fp_status_addr_intlibspace.o(.text)
    _sys_exit                                0x08000261   Thumb Code     8  sys_exit.o(.text)
    __I$use$semihosting                      0x0800026d   Thumb Code     0  use_no_semi.o(.text)
    __use_no_semihosting_swi                 0x0800026d   Thumb Code     2  use_no_semi.o(.text)
    __semihosting_library_function           0x0800026f   Thumb Code     0  indicate_semi.o(.text)
    _fp_init                                 0x0800026f   Thumb Code    14  fpinit.o(x$fpl$fpinit)
    __fplib_config_pureend_doubles           0x0800027b   Thumb Code     0  fpinit.o(x$fpl$fpinit)
    Region$$Table$$Base                      0x0800027c   Number         0  anon$$obj.o(Region$$Table)
    Region$$Table$$Limit                     0x0800028c   Number         0  anon$$obj.o(Region$$Table)
    __libspace_start                         0x20000000   Data          96  libspace.o(.bss)
    __temporary_stack_top$libspace           0x20000060   Data           0  libspace.o(.bss)



==============================================================================

Memory Map of the image

  Image Entry point : 0x08000131

  Load Region LR_IROM1 (Base: 0x08000000, Size: 0x0000028c, Max: 0x00080000, ABSOLUTE)

    Execution Region ER_IROM1 (Base: 0x08000000, Size: 0x0000028c, Max: 0x00080000, ABSOLUTE)

    Base Addr    Size         Type   Attr      Idx    E Section Name        Object

    0x08000000   0x00000130   Data   RO            3    RESET               startup_stm32f10x_hd.o
    0x08000130   0x00000008   Code   RO         3247  * !!!main             c_w.l(__main.o)
    0x08000138   0x00000034   Code   RO         3404    !!!scatter          c_w.l(__scatter.o)
    0x0800016c   0x0000001c   Code   RO         3406    !!handler_zi        c_w.l(__scatter_zi.o)
    0x08000188   0x00000006   Code   RO         3274    .ARM.Collect$$libinit$$00000000  c_w.l(libinit.o)
    0x0800018e   0x00000000   Code   RO         3282    .ARM.Collect$$libinit$$00000006  c_w.l(libinit2.o)
    0x0800018e   0x00000000   Code   RO         3284    .ARM.Collect$$libinit$$00000008  c_w.l(libinit2.o)
    0x0800018e   0x00000000   Code   RO         3286    .ARM.Collect$$libinit$$0000000A  c_w.l(libinit2.o)
    0x0800018e   0x00000000   Code   RO         3289    .ARM.Collect$$libinit$$0000000D  c_w.l(libinit2.o)
    0x0800018e   0x00000000   Code   RO         3291    .ARM.Collect$$libinit$$0000000F  c_w.l(libinit2.o)
    0x0800018e   0x00000000   Code   RO         3293    .ARM.Collect$$libinit$$00000011  c_w.l(libinit2.o)
    0x0800018e   0x00000000   Code   RO         3295    .ARM.Collect$$libinit$$00000013  c_w.l(libinit2.o)
    0x0800018e   0x00000000   Code   RO         3297    .ARM.Collect$$libinit$$00000015  c_w.l(libinit2.o)
    0x0800018e   0x00000000   Code   RO         3299    .ARM.Collect$$libinit$$00000017  c_w.l(libinit2.o)
    0x0800018e   0x00000000   Code   RO         3301    .ARM.Collect$$libinit$$00000019  c_w.l(libinit2.o)
    0x0800018e   0x00000000   Code   RO         3303    .ARM.Collect$$libinit$$0000001B  c_w.l(libinit2.o)
    0x0800018e   0x00000000   Code   RO         3305    .ARM.Collect$$libinit$$0000001D  c_w.l(libinit2.o)
    0x0800018e   0x00000000   Code   RO         3307    .ARM.Collect$$libinit$$0000001F  c_w.l(libinit2.o)
    0x0800018e   0x00000000   Code   RO         3309    .ARM.Collect$$libinit$$00000021  c_w.l(libinit2.o)
    0x0800018e   0x00000000   Code   RO         3313    .ARM.Collect$$libinit$$00000028  c_w.l(libinit2.o)
    0x0800018e   0x00000000   Code   RO         3315    .ARM.Collect$$libinit$$0000002A  c_w.l(libinit2.o)
    0x0800018e   0x00000000   Code   RO         3317    .ARM.Collect$$libinit$$0000002C  c_w.l(libinit2.o)
    0x0800018e   0x00000000   Code   RO         3319    .ARM.Collect$$libinit$$0000002E  c_w.l(libinit2.o)
    0x0800018e   0x00000002   Code   RO         3320    .ARM.Collect$$libinit$$0000002F  c_w.l(libinit2.o)
    0x08000190   0x00000002   Code   RO         3345    .ARM.Collect$$libshutdown$$00000000  c_w.l(libshutdown.o)
    0x08000192   0x00000000   Code   RO         3359    .ARM.Collect$$libshutdown$$00000003  c_w.l(libshutdown2.o)
    0x08000192   0x00000000   Code   RO         3362    .ARM.Collect$$libshutdown$$00000006  c_w.l(libshutdown2.o)
    0x08000192   0x00000000   Code   RO         3365    .ARM.Collect$$libshutdown$$00000009  c_w.l(libshutdown2.o)
    0x08000192   0x00000000   Code   RO         3367    .ARM.Collect$$libshutdown$$0000000B  c_w.l(libshutdown2.o)
    0x08000192   0x00000000   Code   RO         3370    .ARM.Collect$$libshutdown$$0000000E  c_w.l(libshutdown2.o)
    0x08000192   0x00000002   Code   RO         3371    .ARM.Collect$$libshutdown$$0000000F  c_w.l(libshutdown2.o)
    0x08000194   0x00000000   Code   RO         3249    .ARM.Collect$$rtentry$$00000000  c_w.l(rtentry.o)
    0x08000194   0x00000000   Code   RO         3251    .ARM.Collect$$rtentry$$00000002  c_w.l(rtentry2.o)
    0x08000194   0x00000006   Code   RO         3263    .ARM.Collect$$rtentry$$00000004  c_w.l(rtentry4.o)
    0x0800019a   0x00000000   Code   RO         3253    .ARM.Collect$$rtentry$$00000009  c_w.l(rtentry2.o)
    0x0800019a   0x00000004   Code   RO         3254    .ARM.Collect$$rtentry$$0000000A  c_w.l(rtentry2.o)
    0x0800019e   0x00000000   Code   RO         3256    .ARM.Collect$$rtentry$$0000000C  c_w.l(rtentry2.o)
    0x0800019e   0x00000008   Code   RO         3257    .ARM.Collect$$rtentry$$0000000D  c_w.l(rtentry2.o)
    0x080001a6   0x00000002   Code   RO         3278    .ARM.Collect$$rtexit$$00000000  c_w.l(rtexit.o)
    0x080001a8   0x00000000   Code   RO         3324    .ARM.Collect$$rtexit$$00000002  c_w.l(rtexit2.o)
    0x080001a8   0x00000004   Code   RO         3325    .ARM.Collect$$rtexit$$00000003  c_w.l(rtexit2.o)
    0x080001ac   0x00000006   Code   RO         3326    .ARM.Collect$$rtexit$$00000004  c_w.l(rtexit2.o)
    0x080001b2   0x00000002   PAD
    0x080001b4   0x0000003c   Code   RO            4    .text               startup_stm32f10x_hd.o
    0x080001f0   0x00000002   Code   RO           12    .text               main.o
    0x080001f2   0x00000006   Code   RO         3245    .text               c_w.l(heapauxi.o)
    0x080001f8   0x0000004a   Code   RO         3265    .text               c_w.l(sys_stackheap_outer.o)
    0x08000242   0x0000000c   Code   RO         3267    .text               c_w.l(exit.o)
    0x0800024e   0x00000002   PAD
    0x08000250   0x00000008   Code   RO         3275    .text               c_w.l(libspace.o)
    0x08000258   0x00000008   Code   RO         3333    .text               c_w.l(rt_fp_status_addr_intlibspace.o)
    0x08000260   0x0000000c   Code   RO         3337    .text               c_w.l(sys_exit.o)
    0x0800026c   0x00000002   Code   RO         3348    .text               c_w.l(use_no_semi.o)
    0x0800026e   0x00000000   Code   RO         3350    .text               c_w.l(indicate_semi.o)
    0x0800026e   0x0000000e   Code   RO         3321    x$fpl$fpinit        fz_ws.l(fpinit.o)
    0x0800027c   0x00000010   Data   RO         3402    Region$$Table       anon$$obj.o


    Execution Region RW_IRAM1 (Base: 0x20000000, Size: 0x00000660, Max: 0x00010000, ABSOLUTE)

    Base Addr    Size         Type   Attr      Idx    E Section Name        Object

    0x20000000   0x00000060   Zero   RW         3276    .bss                c_w.l(libspace.o)
    0x20000060   0x00000200   Zero   RW            2    HEAP                startup_stm32f10x_hd.o
    0x20000260   0x00000400   Zero   RW            1    STACK               startup_stm32f10x_hd.o


==============================================================================

Image component sizes


      Code (inc. data)   RO Data    RW Data    ZI Data      Debug   Object Name

         2          0          0          0          0       1811   main.o
        60         24        304          0       1536        820   startup_stm32f10x_hd.o

    ----------------------------------------------------------------------
        62         24        320          0       1536       2631   Object Totals
         0          0         16          0          0          0   (incl. Generated)
         0          0          0          0          0          0   (incl. Padding)

    ----------------------------------------------------------------------

      Code (inc. data)   RO Data    RW Data    ZI Data      Debug   Library Member Name

         8          0          0          0          0         68   __main.o
        52          8          0          0          0          0   __scatter.o
        28          0          0          0          0          0   __scatter_zi.o
        12          0          0          0          0         72   exit.o
         6          0          0          0          0        152   heapauxi.o
         0          0          0          0          0          0   indicate_semi.o
         6          0          0          0          0          0   libinit.o
         2          0          0          0          0          0   libinit2.o
         2          0          0          0          0          0   libshutdown.o
         2          0          0          0          0          0   libshutdown2.o
         8          4          0          0         96         68   libspace.o
         8          4          0          0          0         68   rt_fp_status_addr_intlibspace.o
         0          0          0          0          0          0   rtentry.o
        12          0          0          0          0          0   rtentry2.o
         6          0          0          0          0          0   rtentry4.o
         2          0          0          0          0          0   rtexit.o
        10          0          0          0          0          0   rtexit2.o
        12          4          0          0          0         68   sys_exit.o
        74          0          0          0          0         80   sys_stackheap_outer.o
         2          0          0          0          0         68   use_no_semi.o
        14          0          0          0          0         76   fpinit.o

    ----------------------------------------------------------------------
       270         20          0          0         96        720   Library Totals
         4          0          0          0          0          0   (incl. Padding)

    ----------------------------------------------------------------------

      Code (inc. data)   RO Data    RW Data    ZI Data      Debug   Library Name

       252         20          0          0         96        644   c_w.l
        14          0          0          0          0         76   fz_ws.l

    ----------------------------------------------------------------------
       270         20          0          0         96        720   Library Totals

    ----------------------------------------------------------------------

==============================================================================


      Code (inc. data)   RO Data    RW Data    ZI Data      Debug   

       332         44        320          0       1632       2883   Grand Totals
       332         44        320          0       1632       2883   ELF Image Totals
       332         44        320          0          0          0   ROM Totals

==============================================================================

    Total RO  Size (Code + RO Data)                  652 (   0.64kB)
    Total RW  Size (RW Data + ZI Data)              1632 (   1.59kB)
    Total ROM Size (Code + RO Data + RW Data)        652 (   0.64kB)

==============================================================================

